   1              		.file	"main.c"
   9              	.Ltext0:
  10              		.section	.rodata
  11              		.align	2
  12              	.LC0:
  13 0000 256400   		.ascii	"%d\000"
  14 0003 00       		.text
  15              		.align	2
  16              		.global	printNumbers
  18              	printNumbers:
  19              	.LFB2:
  20              		.file 1 "main.c"
   1:main.c        **** /*
   2:main.c        ****  * main.c
   3:main.c        ****  *
   4:main.c        ****  *  Created on: 14.12.2018
   5:main.c        ****  *      Author: Lukas Reining
   6:main.c        ****  */
   7:main.c        **** 
   8:main.c        **** #include "include/display.h"
   9:main.c        **** 
  10:main.c        **** void printNumbers() {
  21              	 = 0, pretend = 0, frame = 4
  22              		@ frame_needed = 1, uses_anonymous_args = 0
  23              		mov	ip, sp
  24 0000 0DC0A0E1 	.LCFI0:
  25              		stmfd	sp!, {fp, ip, lr, pc}
  26 0004 00D82DE9 	.LCFI1:
  27              		sub	fp, ip, #4
  28 0008 04B04CE2 	.LCFI2:
  29              		sub	sp, sp, #4
  30 000c 04D04DE2 	.LCFI3:
  31              		.loc 1 11 0
  11:main.c        **** 	unsigned char num = 0;
  32              	
  33 0010 0030A0E3 		strb	r3, [fp, #-13]
  34 0014 0D304BE5 	.L2:
  35              		.loc 1 13 0
  12:main.c        **** 	do {
  13:main.c        **** 		display_set_cursor(0, 0);
  36              	v	r0, #0
  37 0018 0000A0E3 		mov	r1, #0
  38 001c 0010A0E3 		bl	display_set_cursor
  39 0020 FEFFFFEB 		.loc 1 14 0
  14:main.c        **** 		display_printf("%d", num++);
  40              	b	r2, [fp, #-13]	@ zero_extendqisi2
  41 0024 0D205BE5 		ldrb	r3, [fp, #-13]
  42 0028 0D305BE5 		add	r3, r3, #1
  43 002c 013083E2 		strb	r3, [fp, #-13]
  44 0030 0D304BE5 		ldr	r0, .L4
  45 0034 20009FE5 		mov	r1, r2
  46 0038 0210A0E1 		bl	display_printf
  47 003c FEFFFFEB 		.loc 1 15 0
  15:main.c        **** 		delay1us(500000);
  48              	 #499712
  49 0040 7A0AA0E3 		add	r0, r0, #288
  50 0044 120E80E2 		bl	delay1us
  51 0048 FEFFFFEB 		.loc 1 16 0
  16:main.c        **** 	} while (num);
  52              	b	r3, [fp, #-13]	@ zero_extendqisi2
  53 004c 0D305BE5 		cmp	r3, #0
  54 0050 000053E3 		bne	.L2
  55 0054 EFFFFF1A 		.loc 1 17 0
  17:main.c        **** }
  56              	fd	sp, {r3, fp, sp, pc}
  57 0058 08A89DE8 	.L5:
  58              		.align	2
  59              	.L4:
  60              		.word	.LC0
  61 005c 00000000 	.LFE2:
  63              		.align	2
  64              		.global	main
  66              	main:
  67              	.LFB3:
  68              		.loc 1 19 0
  18:main.c        **** 
  19:main.c        **** int main(void) {
  69              	pretend = 0, frame = 0
  70              		@ frame_needed = 1, uses_anonymous_args = 0
  71              		mov	ip, sp
  72 0060 0DC0A0E1 	.LCFI4:
  73              		stmfd	sp!, {fp, ip, lr, pc}
  74 0064 00D82DE9 	.LCFI5:
  75              		sub	fp, ip, #4
  76 0068 04B04CE2 	.LCFI6:
  77              		.loc 1 20 0
  20:main.c        **** 	display_init();
  78              	ay_init
  79 006c FEFFFFEB 		.loc 1 21 0
  21:main.c        **** 	printNumbers();
  80              	l	printNumbers
  81 0070 FEFFFFEB 	.L7:
  82              		b	.L7
  83 0074 FEFFFFEA 	.LFE3:
  85              		.section	.debug_frame,"",%progbits
 152              		.section	.debug_loc,"",%progbits
DEFINED SYMBOLS
                            *ABS*:00000000 main.c
C:\Users\LUKASR~1\AppData\Local\Temp/cc7TUsbg.s:18     .text:00000000 printNumbers
C:\Users\LUKASR~1\AppData\Local\Temp/cc7TUsbg.s:24     .text:00000000 $a
C:\Users\LUKASR~1\AppData\Local\Temp/cc7TUsbg.s:61     .text:0000005c $d
C:\Users\LUKASR~1\AppData\Local\Temp/cc7TUsbg.s:67     .text:00000060 main
C:\Users\LUKASR~1\AppData\Local\Temp/cc7TUsbg.s:72     .text:00000060 $a
C:\Users\LUKASR~1\AppData\Local\Temp/cc7TUsbg.s:88     .debug_frame:00000000 $d
C:\Users\LUKASR~1\AppData\Local\Temp/cc7TUsbg.s:156    .debug_loc:00000000 $d

UNDEFINED SYMBOLS
display_set_cursor
display_printf
delay1us
display_init
