Archive member included because of file (symbol)

c:/eclipse/eclipse-arm7/yagarto/bin/../lib/gcc/arm-elf/4.3.2/../../../../arm-elf/lib\libc.a(lib_a-memcpy.o)
                              display.o (memcpy)

Memory Configuration

Name             Origin             Length             Attributes
CODE             0x00000000         0x00010000         xr
DATA             0x00200000         0x00004000         rw
STACK            0x00204000         0x00000000         rw
*default*        0x00000000         0xffffffff

Linker script and memory map

LOAD include/Cstartup.o
LOAD include/Cstartup_SAM7.o
LOAD main.o
LOAD display.o
LOAD c:/eclipse/eclipse-arm7/yagarto/bin/../lib/gcc/arm-elf/4.3.2/../../../../arm-elf/lib\libc.a
LOAD c:/eclipse/eclipse-arm7/yagarto/bin/../lib/gcc/arm-elf/4.3.2/../../../../arm-elf/lib\libm.a
LOAD c:/eclipse/eclipse-arm7/yagarto/bin/../lib/gcc/arm-elf/4.3.2/../../../../arm-elf/lib\libc.a
LOAD c:/eclipse/eclipse-arm7/yagarto/bin/../lib/gcc/arm-elf/4.3.2\libgcc.a
START GROUP
LOAD c:/eclipse/eclipse-arm7/yagarto/bin/../lib/gcc/arm-elf/4.3.2\libgcc.a
LOAD c:/eclipse/eclipse-arm7/yagarto/bin/../lib/gcc/arm-elf/4.3.2/../../../../arm-elf/lib\libg.a
LOAD c:/eclipse/eclipse-arm7/yagarto/bin/../lib/gcc/arm-elf/4.3.2/../../../../arm-elf/lib\libc.a
END GROUP
                0x00000000                . = 0x0

.text           0x00000000      0xeb4
 *Cstartup.o(.text)
 .text          0x00000000      0x13c include/Cstartup.o
                0x000000bc                IRQ_Handler_Entry
                0x0000010c                AT91F_Default_FIQ_handler
                0x00000000                _startup
                0x00000110                AT91F_Default_IRQ_handler
                0x00000114                AT91F_Spurious_handler
                0x000000b8                exit
 *(.text)
 .text          0x0000013c      0x140 include/Cstartup_SAM7.o
                0x0000013c                AT91F_LowLevelInit
 .text          0x0000027c      0x144 main.o
                0x0000027c                get_Button
                0x0000033c                main
 .text          0x000003c0      0x9f8 display.o
                0x000003c0                delay1us
                0x000003dc                lcd_write
                0x00000728                display_printf
                0x000006d4                display_set_cursor
                0x0000068c                display_putstr
                0x00000594                display_init
                0x00000660                display_putchar
 .text          0x00000db8       0xfc c:/eclipse/eclipse-arm7/yagarto/bin/../lib/gcc/arm-elf/4.3.2/../../../../arm-elf/lib\libc.a(lib_a-memcpy.o)
                0x00000db8                memcpy
 *(.glue_7t)
 .glue_7t       0x00000eb4        0x0 include/Cstartup.o
 .glue_7t       0x00000eb4        0x0 include/Cstartup_SAM7.o
 .glue_7t       0x00000eb4        0x0 main.o
 .glue_7t       0x00000eb4        0x0 display.o
 .glue_7t       0x00000eb4        0x0 c:/eclipse/eclipse-arm7/yagarto/bin/../lib/gcc/arm-elf/4.3.2/../../../../arm-elf/lib\libc.a(lib_a-memcpy.o)
 *(.glue_7)
 .glue_7        0x00000eb4        0x0 include/Cstartup.o
 .glue_7        0x00000eb4        0x0 include/Cstartup_SAM7.o
 .glue_7        0x00000eb4        0x0 main.o
 .glue_7        0x00000eb4        0x0 display.o
 .glue_7        0x00000eb4        0x0 c:/eclipse/eclipse-arm7/yagarto/bin/../lib/gcc/arm-elf/4.3.2/../../../../arm-elf/lib\libc.a(lib_a-memcpy.o)

.vfp11_veneer   0x00000eb4        0x0
 .vfp11_veneer  0x00000eb4        0x0 include/Cstartup.o
 .vfp11_veneer  0x00000eb4        0x0 include/Cstartup_SAM7.o
 .vfp11_veneer  0x00000eb4        0x0 main.o
 .vfp11_veneer  0x00000eb4        0x0 display.o
 .vfp11_veneer  0x00000eb4        0x0 c:/eclipse/eclipse-arm7/yagarto/bin/../lib/gcc/arm-elf/4.3.2/../../../../arm-elf/lib\libc.a(lib_a-memcpy.o)
                0x00000eb4                . = ALIGN (0x4)

.rodata         0x00000eb4       0x2c
 *(.rodata)
 .rodata        0x00000eb4       0x18 main.o
 .rodata        0x00000ecc       0x14 display.o
                0x00000ee0                . = ALIGN (0x4)
                0x00000ee0                _etext = .
                0x00000ee0                PROVIDE (etext, .)

.data           0x00200000        0x0 load address 0x00000ee0
                0x00200000                _data = .
 *(.data)
 .data          0x00200000        0x0 include/Cstartup.o
 .data          0x00200000        0x0 include/Cstartup_SAM7.o
 .data          0x00200000        0x0 main.o
 .data          0x00200000        0x0 display.o
 .data          0x00200000        0x0 c:/eclipse/eclipse-arm7/yagarto/bin/../lib/gcc/arm-elf/4.3.2/../../../../arm-elf/lib\libc.a(lib_a-memcpy.o)
                0x00200000                . = ALIGN (0x4)
                0x00200000                _edata = .
                0x00200000                PROVIDE (edata, .)

.bss            0x00200000        0xc load address 0x00000ee0
                0x00200000                __bss_start = .
                0x00200000                __bss_start__ = .
 *(.bss)
 .bss           0x00200000        0x0 include/Cstartup.o
 .bss           0x00200000        0x0 include/Cstartup_SAM7.o
 .bss           0x00200000        0xc main.o
                0x00200008                btn3
                0x00200004                btn2
                0x00200000                btn1
 .bss           0x0020000c        0x0 display.o
 .bss           0x0020000c        0x0 c:/eclipse/eclipse-arm7/yagarto/bin/../lib/gcc/arm-elf/4.3.2/../../../../arm-elf/lib\libc.a(lib_a-memcpy.o)
 *(COMMON)
                0x0020000c                . = ALIGN (0x4)
                0x0020000c                __bss_end__ = .
                0x0020000c                __bss_end__ = .
                0x0020000c                _end = .
                0x0020000c                PROVIDE (end, .)

.int_data       0x00204000        0x0
 *(.internal_ram_top)
 .internal_ram_top
                0x00204000        0x0 include/Cstartup.o

.stab
 *(.stab)

.stabstr
 *(.stabstr)

.stab.excl
 *(.stab.excl)

.stab.exclstr
 *(.stab.exclstr)

.stab.index
 *(.stab.index)

.stab.indexstr
 *(.stab.indexstr)

.comment        0x00000000       0x48
 *(.comment)
 .comment       0x00000000       0x12 include/Cstartup_SAM7.o
 .comment       0x00000012       0x12 main.o
 .comment       0x00000024       0x12 display.o
 .comment       0x00000036       0x12 c:/eclipse/eclipse-arm7/yagarto/bin/../lib/gcc/arm-elf/4.3.2/../../../../arm-elf/lib\libc.a(lib_a-memcpy.o)

.debug
 *(.debug)

.line
 *(.line)

.debug_srcinfo
 *(.debug_srcinfo)

.debug_sfnames
 *(.debug_sfnames)

.debug_aranges  0x00000000       0xa0
 *(.debug_aranges)
 .debug_aranges
                0x00000000       0x20 include/Cstartup.o
 .debug_aranges
                0x00000020       0x20 include/Cstartup_SAM7.o
 .debug_aranges
                0x00000040       0x20 main.o
 .debug_aranges
                0x00000060       0x20 display.o
 .debug_aranges
                0x00000080       0x20 c:/eclipse/eclipse-arm7/yagarto/bin/../lib/gcc/arm-elf/4.3.2/../../../../arm-elf/lib\libc.a(lib_a-memcpy.o)

.debug_pubnames
                0x00000000      0x11a
 *(.debug_pubnames)
 .debug_pubnames
                0x00000000       0x29 include/Cstartup_SAM7.o
 .debug_pubnames
                0x00000029       0x45 main.o
 .debug_pubnames
                0x0000006e       0x8f display.o
 .debug_pubnames
                0x000000fd       0x1d c:/eclipse/eclipse-arm7/yagarto/bin/../lib/gcc/arm-elf/4.3.2/../../../../arm-elf/lib\libc.a(lib_a-memcpy.o)

.debug_info     0x00000000      0xeb8
 *(.debug_info .gnu.linkonce.wi.*)
 .debug_info    0x00000000       0x9d include/Cstartup.o
 .debug_info    0x0000009d      0x41e include/Cstartup_SAM7.o
 .debug_info    0x000004bb      0x47e main.o
 .debug_info    0x00000939      0x471 display.o
 .debug_info    0x00000daa      0x10e c:/eclipse/eclipse-arm7/yagarto/bin/../lib/gcc/arm-elf/4.3.2/../../../../arm-elf/lib\libc.a(lib_a-memcpy.o)

.debug_abbrev   0x00000000      0x30f
 *(.debug_abbrev)
 .debug_abbrev  0x00000000       0x14 include/Cstartup.o
 .debug_abbrev  0x00000014       0xae include/Cstartup_SAM7.o
 .debug_abbrev  0x000000c2       0xa7 main.o
 .debug_abbrev  0x00000169      0x10d display.o
 .debug_abbrev  0x00000276       0x99 c:/eclipse/eclipse-arm7/yagarto/bin/../lib/gcc/arm-elf/4.3.2/../../../../arm-elf/lib\libc.a(lib_a-memcpy.o)

.debug_line     0x00000000      0x32c
 *(.debug_line)
 .debug_line    0x00000000       0x92 include/Cstartup.o
 .debug_line    0x00000092       0x68 include/Cstartup_SAM7.o
 .debug_line    0x000000fa       0x5d main.o
 .debug_line    0x00000157       0xdd display.o
 .debug_line    0x00000234       0xf8 c:/eclipse/eclipse-arm7/yagarto/bin/../lib/gcc/arm-elf/4.3.2/../../../../arm-elf/lib\libc.a(lib_a-memcpy.o)

.debug_frame    0x00000000      0x194
 *(.debug_frame)
 .debug_frame   0x00000000       0x30 include/Cstartup_SAM7.o
 .debug_frame   0x00000030       0x50 main.o
 .debug_frame   0x00000080       0xe8 display.o
 .debug_frame   0x00000168       0x2c c:/eclipse/eclipse-arm7/yagarto/bin/../lib/gcc/arm-elf/4.3.2/../../../../arm-elf/lib\libc.a(lib_a-memcpy.o)

.debug_str      0x00000000      0x514
 *(.debug_str)
 .debug_str     0x00000000      0x25d include/Cstartup_SAM7.o
                                0x26a (size before relaxing)
 .debug_str     0x0000025d      0x145 main.o
                                0x280 (size before relaxing)
 .debug_str     0x000003a2       0xa8 display.o
                                0x28a (size before relaxing)
 .debug_str     0x0000044a       0xca c:/eclipse/eclipse-arm7/yagarto/bin/../lib/gcc/arm-elf/4.3.2/../../../../arm-elf/lib\libc.a(lib_a-memcpy.o)
                                 0xdb (size before relaxing)

.debug_loc      0x00000000      0x2aa
 *(.debug_loc)
 .debug_loc     0x00000000       0x2a include/Cstartup_SAM7.o
 .debug_loc     0x0000002a       0x54 main.o
 .debug_loc     0x0000007e       0xfc display.o
 .debug_loc     0x0000017a      0x130 c:/eclipse/eclipse-arm7/yagarto/bin/../lib/gcc/arm-elf/4.3.2/../../../../arm-elf/lib\libc.a(lib_a-memcpy.o)

.debug_macinfo
 *(.debug_macinfo)

.debug_weaknames
 *(.debug_weaknames)

.debug_funcnames
 *(.debug_funcnames)

.debug_typenames
 *(.debug_typenames)

.debug_varnames
 *(.debug_varnames)
OUTPUT(main.elf elf32-littlearm)

.reset          0x00000000        0x0
 .reset         0x00000000        0x0 include/Cstartup.o

.ARM.attributes
                0x00000000       0x10
 .ARM.attributes
                0x00000000       0x10 include/Cstartup.o
 .ARM.attributes
                0x00000010       0x10 include/Cstartup_SAM7.o
 .ARM.attributes
                0x00000020       0x10 main.o
 .ARM.attributes
                0x00000030       0x10 display.o
 .ARM.attributes
                0x00000040       0x10 c:/eclipse/eclipse-arm7/yagarto/bin/../lib/gcc/arm-elf/4.3.2/../../../../arm-elf/lib\libc.a(lib_a-memcpy.o)

Cross Reference Table

Symbol                                            File
AT91F_Default_FIQ_handler                         include/Cstartup.o
                                                  include/Cstartup_SAM7.o
AT91F_Default_IRQ_handler                         include/Cstartup.o
                                                  include/Cstartup_SAM7.o
AT91F_LowLevelInit                                include/Cstartup_SAM7.o
                                                  include/Cstartup.o
AT91F_Spurious_handler                            include/Cstartup.o
                                                  include/Cstartup_SAM7.o
IRQ_Handler_Entry                                 include/Cstartup.o
Top_Stack                                         include/Cstartup.o
__bss_end__                                       include/Cstartup.o
__bss_start__                                     include/Cstartup.o
_data                                             include/Cstartup.o
_edata                                            include/Cstartup.o
_etext                                            include/Cstartup.o
_startup                                          include/Cstartup.o
btn1                                              main.o
btn2                                              main.o
btn3                                              main.o
delay1us                                          display.o
display_init                                      display.o
                                                  main.o
display_printf                                    display.o
                                                  main.o
display_putchar                                   display.o
display_putstr                                    display.o
display_set_cursor                                display.o
                                                  main.o
exit                                              include/Cstartup.o
get_Button                                        main.o
lcd_write                                         display.o
main                                              main.o
                                                  include/Cstartup.o
memcpy                                            c:/eclipse/eclipse-arm7/yagarto/bin/../lib/gcc/arm-elf/4.3.2/../../../../arm-elf/lib\libc.a(lib_a-memcpy.o)
                                                  display.o
