Archive member included because of file (symbol)

c:/eclipse/eclipse-arm7/yagarto/bin/../lib/gcc/arm-elf/4.3.2/../../../../arm-elf/lib\libc.a(lib_a-rand.o)
                              main.o (rand)
c:/eclipse/eclipse-arm7/yagarto/bin/../lib/gcc/arm-elf/4.3.2/../../../../arm-elf/lib\libc.a(lib_a-snprintf.o)
                              main.o (snprintf)
c:/eclipse/eclipse-arm7/yagarto/bin/../lib/gcc/arm-elf/4.3.2/../../../../arm-elf/lib\libc.a(lib_a-vfprintf.o)
                              c:/eclipse/eclipse-arm7/yagarto/bin/../lib/gcc/arm-elf/4.3.2/../../../../arm-elf/lib\libc.a(lib_a-snprintf.o) (_vfprintf_r)
c:/eclipse/eclipse-arm7/yagarto/bin/../lib/gcc/arm-elf/4.3.2/../../../../arm-elf/lib\libc.a(lib_a-wsetup.o)
                              c:/eclipse/eclipse-arm7/yagarto/bin/../lib/gcc/arm-elf/4.3.2/../../../../arm-elf/lib\libc.a(lib_a-vfprintf.o) (__swsetup_r)
c:/eclipse/eclipse-arm7/yagarto/bin/../lib/gcc/arm-elf/4.3.2/../../../../arm-elf/lib\libc.a(lib_a-dtoa.o)
                              c:/eclipse/eclipse-arm7/yagarto/bin/../lib/gcc/arm-elf/4.3.2/../../../../arm-elf/lib\libc.a(lib_a-vfprintf.o) (_dtoa_r)
c:/eclipse/eclipse-arm7/yagarto/bin/../lib/gcc/arm-elf/4.3.2/../../../../arm-elf/lib\libc.a(lib_a-fflush.o)
                              c:/eclipse/eclipse-arm7/yagarto/bin/../lib/gcc/arm-elf/4.3.2/../../../../arm-elf/lib\libc.a(lib_a-vfprintf.o) (_fflush_r)
c:/eclipse/eclipse-arm7/yagarto/bin/../lib/gcc/arm-elf/4.3.2/../../../../arm-elf/lib\libc.a(lib_a-findfp.o)
                              c:/eclipse/eclipse-arm7/yagarto/bin/../lib/gcc/arm-elf/4.3.2/../../../../arm-elf/lib\libc.a(lib_a-vfprintf.o) (__sinit)
c:/eclipse/eclipse-arm7/yagarto/bin/../lib/gcc/arm-elf/4.3.2/../../../../arm-elf/lib\libc.a(lib_a-freer.o)
                              c:/eclipse/eclipse-arm7/yagarto/bin/../lib/gcc/arm-elf/4.3.2/../../../../arm-elf/lib\libc.a(lib_a-wsetup.o) (_free_r)
c:/eclipse/eclipse-arm7/yagarto/bin/../lib/gcc/arm-elf/4.3.2/../../../../arm-elf/lib\libc.a(lib_a-fvwrite.o)
                              c:/eclipse/eclipse-arm7/yagarto/bin/../lib/gcc/arm-elf/4.3.2/../../../../arm-elf/lib\libc.a(lib_a-vfprintf.o) (__sfvwrite_r)
c:/eclipse/eclipse-arm7/yagarto/bin/../lib/gcc/arm-elf/4.3.2/../../../../arm-elf/lib\libc.a(lib_a-fwalk.o)
                              c:/eclipse/eclipse-arm7/yagarto/bin/../lib/gcc/arm-elf/4.3.2/../../../../arm-elf/lib\libc.a(lib_a-fflush.o) (_fwalk_reent)
c:/eclipse/eclipse-arm7/yagarto/bin/../lib/gcc/arm-elf/4.3.2/../../../../arm-elf/lib\libc.a(lib_a-impure.o)
                              c:/eclipse/eclipse-arm7/yagarto/bin/../lib/gcc/arm-elf/4.3.2/../../../../arm-elf/lib\libc.a(lib_a-rand.o) (_impure_ptr)
c:/eclipse/eclipse-arm7/yagarto/bin/../lib/gcc/arm-elf/4.3.2/../../../../arm-elf/lib\libc.a(lib_a-locale.o)
                              c:/eclipse/eclipse-arm7/yagarto/bin/../lib/gcc/arm-elf/4.3.2/../../../../arm-elf/lib\libc.a(lib_a-vfprintf.o) (_localeconv_r)
c:/eclipse/eclipse-arm7/yagarto/bin/../lib/gcc/arm-elf/4.3.2/../../../../arm-elf/lib\libc.a(lib_a-makebuf.o)
                              c:/eclipse/eclipse-arm7/yagarto/bin/../lib/gcc/arm-elf/4.3.2/../../../../arm-elf/lib\libc.a(lib_a-wsetup.o) (__smakebuf_r)
c:/eclipse/eclipse-arm7/yagarto/bin/../lib/gcc/arm-elf/4.3.2/../../../../arm-elf/lib\libc.a(lib_a-mallocr.o)
                              c:/eclipse/eclipse-arm7/yagarto/bin/../lib/gcc/arm-elf/4.3.2/../../../../arm-elf/lib\libc.a(lib_a-findfp.o) (_malloc_r)
c:/eclipse/eclipse-arm7/yagarto/bin/../lib/gcc/arm-elf/4.3.2/../../../../arm-elf/lib\libc.a(lib_a-memchr.o)
                              c:/eclipse/eclipse-arm7/yagarto/bin/../lib/gcc/arm-elf/4.3.2/../../../../arm-elf/lib\libc.a(lib_a-vfprintf.o) (memchr)
c:/eclipse/eclipse-arm7/yagarto/bin/../lib/gcc/arm-elf/4.3.2/../../../../arm-elf/lib\libc.a(lib_a-memcpy.o)
                              c:/eclipse/eclipse-arm7/yagarto/bin/../lib/gcc/arm-elf/4.3.2/../../../../arm-elf/lib\libc.a(lib_a-dtoa.o) (memcpy)
c:/eclipse/eclipse-arm7/yagarto/bin/../lib/gcc/arm-elf/4.3.2/../../../../arm-elf/lib\libc.a(lib_a-memmove.o)
                              c:/eclipse/eclipse-arm7/yagarto/bin/../lib/gcc/arm-elf/4.3.2/../../../../arm-elf/lib\libc.a(lib_a-fvwrite.o) (memmove)
c:/eclipse/eclipse-arm7/yagarto/bin/../lib/gcc/arm-elf/4.3.2/../../../../arm-elf/lib\libc.a(lib_a-memset.o)
                              c:/eclipse/eclipse-arm7/yagarto/bin/../lib/gcc/arm-elf/4.3.2/../../../../arm-elf/lib\libc.a(lib_a-findfp.o) (memset)
c:/eclipse/eclipse-arm7/yagarto/bin/../lib/gcc/arm-elf/4.3.2/../../../../arm-elf/lib\libc.a(lib_a-mlock.o)
                              c:/eclipse/eclipse-arm7/yagarto/bin/../lib/gcc/arm-elf/4.3.2/../../../../arm-elf/lib\libc.a(lib_a-freer.o) (__malloc_lock)
c:/eclipse/eclipse-arm7/yagarto/bin/../lib/gcc/arm-elf/4.3.2/../../../../arm-elf/lib\libc.a(lib_a-mprec.o)
[...]
Memory Configuration

Name             Origin             Length             Attributes
CODE             0x00000000         0x00010000         xr
DATA             0x00200000         0x00004000         rw
STACK            0x00204000         0x00000000         rw
*default*        0x00000000         0xffffffff

Linker script and memory map

LOAD include/Cstartup.o
LOAD include/Cstartup_SAM7.o
LOAD main.o
LOAD serial.o
LOAD c:/eclipse/eclipse-arm7/yagarto/bin/../lib/gcc/arm-elf/4.3.2/../../../../arm-elf/lib\libc.a
LOAD c:/eclipse/eclipse-arm7/yagarto/bin/../lib/gcc/arm-elf/4.3.2/../../../../arm-elf/lib\libm.a
LOAD c:/eclipse/eclipse-arm7/yagarto/bin/../lib/gcc/arm-elf/4.3.2/../../../../arm-elf/lib\libc.a
LOAD c:/eclipse/eclipse-arm7/yagarto/bin/../lib/gcc/arm-elf/4.3.2\libgcc.a
START GROUP
LOAD c:/eclipse/eclipse-arm7/yagarto/bin/../lib/gcc/arm-elf/4.3.2\libgcc.a
LOAD c:/eclipse/eclipse-arm7/yagarto/bin/../lib/gcc/arm-elf/4.3.2/../../../../arm-elf/lib\libg.a
LOAD c:/eclipse/eclipse-arm7/yagarto/bin/../lib/gcc/arm-elf/4.3.2/../../../../arm-elf/lib\libc.a
END GROUP
                0x00000000                . = 0x0

.text           0x00000000     0x8a5c
 *Cstartup.o(.text)
 .text          0x00000000      0x13c include/Cstartup.o
                0x000000bc                IRQ_Handler_Entry
                0x0000010c                AT91F_Default_FIQ_handler
                0x00000000                _startup
                0x00000110                AT91F_Default_IRQ_handler
                0x00000114                AT91F_Spurious_handler
                0x000000b8                exit
 *(.text)
 .text          0x0000013c      0x140 include/Cstartup_SAM7.o
                0x0000013c                AT91F_LowLevelInit
 .text          0x0000027c      0x590 main.o
                0x0000027c                main
 .text          0x0000080c      0x1dc serial.o
                0x000008cc                usart0_putchar
                0x0000095c                usart0_kbhit
                0x00000908                usart0_puts
                0x00000880                usart0_putc
                0x0000080c                usart0_init
                0x000009ac                usart0_getc
 .text          0x000009e8       0x78 c:/eclipse/eclipse-arm7/yagarto/bin/../lib/gcc/arm-elf/4.3.2/../../../../arm-elf/lib\libc.a(lib_a-rand.o)
                0x00000a04                rand
                0x000009e8                srand
 .text          0x00000a60      0x128 c:/eclipse/eclipse-arm7/yagarto/bin/../lib/gcc/arm-elf/4.3.2/../../../../arm-elf/lib\libc.a(lib_a-snprintf.o)
                0x00000a60                snprintf
                0x00000af8                _snprintf_r
 .text          0x00000b88     0x1dd8 c:/eclipse/eclipse-arm7/yagarto/bin/../lib/gcc/arm-elf/4.3.2/../../../../arm-elf/lib\libc.a(lib_a-vfprintf.o)
                0x00000bb8                _vfprintf_r
                0x00002934                vfprintf
 .text          0x00002960      0x144 c:/eclipse/eclipse-arm7/yagarto/bin/../lib/gcc/arm-elf/4.3.2/../../../../arm-elf/lib\libc.a(lib_a-wsetup.o)
                0x00002960                __swsetup_r
 .text          0x00002aa4     0x16e8 c:/eclipse/eclipse-arm7/yagarto/bin/../lib/gcc/arm-elf/4.3.2/../../../../arm-elf/lib\libc.a(lib_a-dtoa.o)
                0x00002c94                _dtoa_r
 .text          0x0000418c      0x1dc c:/eclipse/eclipse-arm7/yagarto/bin/../lib/gcc/arm-elf/4.3.2/../../../../arm-elf/lib\libc.a(lib_a-fflush.o)
                0x00004334                fflush
                0x0000418c                _fflush_r
 .text          0x00004368      0x2ac c:/eclipse/eclipse-arm7/yagarto/bin/../lib/gcc/arm-elf/4.3.2/../../../../arm-elf/lib\libc.a(lib_a-findfp.o)
                0x00004368                __sinit
                0x000044f8                __sfmoreglue
                0x000044e0                _cleanup
                0x000044d4                _cleanup_r
                0x000044bc                __fp_lock_all
                0x00004484                __sfp_lock_acquire
                0x00004540                __sfp
                0x00004490                __sinit_lock_release
                0x000044a4                __fp_unlock_all
                0x00004488                __sfp_lock_release
                0x0000448c                __sinit_lock_acquire
 .text          0x00004614      0x370 c:/eclipse/eclipse-arm7/yagarto/bin/../lib/gcc/arm-elf/4.3.2/../../../../arm-elf/lib\libc.a(lib_a-freer.o)
                0x0000470c                _free_r
                0x00004614                _malloc_trim_r
 .text          0x00004984      0x46c c:/eclipse/eclipse-arm7/yagarto/bin/../lib/gcc/arm-elf/4.3.2/../../../../arm-elf/lib\libc.a(lib_a-fvwrite.o)
                0x00004984                __sfvwrite_r
 .text          0x00004df0      0x10c c:/eclipse/eclipse-arm7/yagarto/bin/../lib/gcc/arm-elf/4.3.2/../../../../arm-elf/lib\libc.a(lib_a-fwalk.o)
                0x00004e78                _fwalk
                0x00004df0                _fwalk_reent
 .text          0x00004efc        0x0 c:/eclipse/eclipse-arm7/yagarto/bin/../lib/gcc/arm-elf/4.3.2/../../../../arm-elf/lib\libc.a(lib_a-impure.o)
 .text          0x00004efc       0xa4 c:/eclipse/eclipse-arm7/yagarto/bin/../lib/gcc/arm-elf/4.3.2/../../../../arm-elf/lib\libc.a(lib_a-locale.o)
                0x00004f24                _setlocale_r
                0x00004efc                __locale_charset
                0x00004f0c                _localeconv_r
                0x00004f84                setlocale
                0x00004f18                localeconv
 .text          0x00004fa0      0x164 c:/eclipse/eclipse-arm7/yagarto/bin/../lib/gcc/arm-elf/4.3.2/../../../../arm-elf/lib\libc.a(lib_a-makebuf.o)
                0x00004fa0                __smakebuf_r
 .text          0x00005104      0x734 c:/eclipse/eclipse-arm7/yagarto/bin/../lib/gcc/arm-elf/4.3.2/../../../../arm-elf/lib\libc.a(lib_a-mallocr.o)
                0x00005104                _malloc_r
 .text          0x00005838      0x118 c:/eclipse/eclipse-arm7/yagarto/bin/../lib/gcc/arm-elf/4.3.2/../../../../arm-elf/lib\libc.a(lib_a-memchr.o)
                0x00005838                memchr
 .text          0x00005950       0xfc c:/eclipse/eclipse-arm7/yagarto/bin/../lib/gcc/arm-elf/4.3.2/../../../../arm-elf/lib\libc.a(lib_a-memcpy.o)
                0x00005950                memcpy
 .text          0x00005a4c      0x144 c:/eclipse/eclipse-arm7/yagarto/bin/../lib/gcc/arm-elf/4.3.2/../../../../arm-elf/lib\libc.a(lib_a-memmove.o)
                0x00005a4c                memmove
 .text          0x00005b90       0xd0 c:/eclipse/eclipse-arm7/yagarto/bin/../lib/gcc/arm-elf/4.3.2/../../../../arm-elf/lib\libc.a(lib_a-memset.o)
                0x00005b90                memset
 .text          0x00005c60        0x8 c:/eclipse/eclipse-arm7/yagarto/bin/../lib/gcc/arm-elf/4.3.2/../../../../arm-elf/lib\libc.a(lib_a-mlock.o)
                0x00005c64                __malloc_unlock
                0x00005c60                __malloc_lock
 .text          0x00005c68      0xd88 c:/eclipse/eclipse-arm7/yagarto/bin/../lib/gcc/arm-elf/4.3.2/../../../../arm-elf/lib\libc.a(lib_a-mprec.o)
                0x00005f6c                _mprec_log10
                0x00006048                __any_on
                0x000060e4                _Balloc
                0x00005ef0                __ratio
                0x00006718                __i2b
                0x00005e30                __b2d
                0x0000690c                __s2b
                0x00005d70                __mcmp
                0x00005c84                __hi0bits
                0x00006814                __pow5mult
                0x00006408                __lshift
                0x0000652c                __multiply
                0x00006168                __d2b
                0x00005fc0                __copybits
                0x00005dd0                __ulp
                0x00006284                __mdiff
                0x00005cdc                __lo0bits
                0x00006738                __multadd
                0x00005c68                _Bfree
 .text          0x000069f0      0x510 c:/eclipse/eclipse-arm7/yagarto/bin/../lib/gcc/arm-elf/4.3.2/../../../../arm-elf/lib\libc.a(lib_a-reallocr.o)
                0x000069f0                _realloc_r
 .text          0x00006f00       0x3c c:/eclipse/eclipse-arm7/yagarto/bin/../lib/gcc/arm-elf/4.3.2/../../../../arm-elf/lib\libc.a(lib_a-s_isinfd.o)
                0x00006f00                __isinfd
 .text          0x00006f3c       0x30 c:/eclipse/eclipse-arm7/yagarto/bin/../lib/gcc/arm-elf/4.3.2/../../../../arm-elf/lib\libc.a(lib_a-s_isnand.o)
                0x00006f3c                __isnand
 .text          0x00006f6c       0x38 c:/eclipse/eclipse-arm7/yagarto/bin/../lib/gcc/arm-elf/4.3.2/../../../../arm-elf/lib\libc.a(lib_a-sbrkr.o)
                0x00006f6c                _sbrk_r
 .text          0x00006fa4       0xc0 c:/eclipse/eclipse-arm7/yagarto/bin/../lib/gcc/arm-elf/4.3.2/../../../../arm-elf/lib\libc.a(lib_a-stdio.o)
                0x00006fac                __sseek
                0x00007034                __sread
                0x00006fa4                __sclose
                0x00006fe0                __swrite
 .text          0x00007064       0xe8 c:/eclipse/eclipse-arm7/yagarto/bin/../lib/gcc/arm-elf/4.3.2/../../../../arm-elf/lib\libc.a(lib_a-strcmp.o)
                0x00007064                strcmp
 .text          0x0000714c       0x9c c:/eclipse/eclipse-arm7/yagarto/bin/../lib/gcc/arm-elf/4.3.2/../../../../arm-elf/lib\libc.a(lib_a-strlen.o)
                0x0000714c                strlen
 .text          0x000071e8      0x8ec c:/eclipse/eclipse-arm7/yagarto/bin/../lib/gcc/arm-elf/4.3.2/../../../../arm-elf/lib\libc.a(lib_a-syscalls.o)
                0x00007310                _getpid
                0x000071e8                initialise_monitor_handles
                0x000076e0                isatty
                0x00007aa4                _fstat
                0x000075f0                _open
                0x00007610                _sbrk
                0x00007320                _raise
                0x00007368                _times
                0x00007a58                _stat
                0x00007968                _lseek
                0x00007318                _link
                0x00007790                _swiwrite
                0x000073e4                _rename
                0x00007874                _swilseek
                0x00007718                _swiclose
                0x00007510                _swiopen
                0x000074cc                _unlink
                0x000077cc                _write
                0x0000729c                _kill
                0x00007324                _gettimeofday
                0x000079b4                _read
                0x000072f0                _exit
                0x0000743c                _system
                0x00007978                _swiread
                0x00007780                _close
 .text          0x00007ad4       0x40 c:/eclipse/eclipse-arm7/yagarto/bin/../lib/gcc/arm-elf/4.3.2/../../../../arm-elf/lib\libc.a(lib_a-writer.o)
                0x00007ad4                _write_r
 .text          0x00007b14       0x9c c:/eclipse/eclipse-arm7/yagarto/bin/../lib/gcc/arm-elf/4.3.2/../../../../arm-elf/lib\libc.a(lib_a-callocr.o)
                0x00007b14                _calloc_r
 .text          0x00007bb0       0x38 c:/eclipse/eclipse-arm7/yagarto/bin/../lib/gcc/arm-elf/4.3.2/../../../../arm-elf/lib\libc.a(lib_a-closer.o)
                0x00007bb0                _close_r
 .text          0x00007be8       0x10 c:/eclipse/eclipse-arm7/yagarto/bin/../lib/gcc/arm-elf/4.3.2/../../../../arm-elf/lib\libc.a(lib_a-errno.o)
                0x00007be8                __errno
 .text          0x00007bf8      0x118 c:/eclipse/eclipse-arm7/yagarto/bin/../lib/gcc/arm-elf/4.3.2/../../../../arm-elf/lib\libc.a(lib_a-fclose.o)
                0x00007bf8                _fclose_r
                0x00007cfc                fclose
 .text          0x00007d10       0x3c c:/eclipse/eclipse-arm7/yagarto/bin/../lib/gcc/arm-elf/4.3.2/../../../../arm-elf/lib\libc.a(lib_a-fstatr.o)
                0x00007d10                _fstat_r
 .text          0x00007d4c       0x40 c:/eclipse/eclipse-arm7/yagarto/bin/../lib/gcc/arm-elf/4.3.2/../../../../arm-elf/lib\libc.a(lib_a-lseekr.o)
                0x00007d4c                _lseek_r
 .text          0x00007d8c       0x40 c:/eclipse/eclipse-arm7/yagarto/bin/../lib/gcc/arm-elf/4.3.2/../../../../arm-elf/lib\libc.a(lib_a-readr.o)
                0x00007d8c                _read_r
 .text          0x00007dcc      0x188 c:/eclipse/eclipse-arm7/yagarto/bin/../lib/gcc/arm-elf/4.3.2/../../../../arm-elf/lib\libc.a(lib_a-reent.o)
                0x00007e40                cleanup_glue
                0x00007e68                _reclaim_reent
                0x00007dcc                _wrapup_reent
 .text          0x00007f54      0x110 c:/eclipse/eclipse-arm7/yagarto/bin/../lib/gcc/arm-elf/4.3.2\libgcc.a(_udivsi3.o)
                0x00007f54                __udivsi3
                0x00007f54                __aeabi_uidiv
                0x0000804c                __aeabi_uidivmod
 .text          0x00008064        0x4 c:/eclipse/eclipse-arm7/yagarto/bin/../lib/gcc/arm-elf/4.3.2\libgcc.a(_dvmd_tls.o)
                0x00008064                __aeabi_ldiv0
                0x00008064                __div0
                0x00008064                __aeabi_idiv0
 .text          0x00008068      0x400 c:/eclipse/eclipse-arm7/yagarto/bin/../lib/gcc/arm-elf/4.3.2\libgcc.a(_addsubdf3.o)
                0x000083fc                __floatdidf
                0x0000837c                __floatsidf
                0x00008354                __aeabi_ui2d
                0x00008068                __aeabi_drsub
                0x000083a8                __extendsfdf2
                0x00008074                __adddf3
                0x00008354                __floatunsidf
                0x00008074                __aeabi_dadd
                0x000083e8                __aeabi_ul2d
                0x00008070                __aeabi_dsub
                0x000083e8                __floatundidf
                0x0000837c                __aeabi_i2d
                0x000083fc                __aeabi_l2d
                0x000083a8                __aeabi_f2d
                0x00008070                __subdf3
 .text          0x00008468      0x470 c:/eclipse/eclipse-arm7/yagarto/bin/../lib/gcc/arm-elf/4.3.2\libgcc.a(_muldivdf3.o)
                0x000086d4                __aeabi_ddiv
                0x00008468                __aeabi_dmul
                0x000086d4                __divdf3
                0x00008468                __muldf3
 .text          0x000088d8      0x128 c:/eclipse/eclipse-arm7/yagarto/bin/../lib/gcc/arm-elf/4.3.2\libgcc.a(_cmpdf2.o)
                0x000089c4                __aeabi_dcmple
                0x000088e8                __cmpdf2
                0x000088e8                __eqdf2
                0x000088d8                __gtdf2
                0x00008988                __aeabi_cdcmple
                0x0000896c                __aeabi_cdrcmple
                0x000088e0                __ltdf2
                0x000089b0                __aeabi_dcmplt
                0x000088e0                __ledf2
                0x000089ec                __aeabi_dcmpgt
                0x000089d8                __aeabi_dcmpge
                0x000088e8                __nedf2
                0x0000899c                __aeabi_dcmpeq
                0x00008988                __aeabi_cdcmpeq
                0x000088d8                __gedf2
 .text          0x00008a00       0x5c c:/eclipse/eclipse-arm7/yagarto/bin/../lib/gcc/arm-elf/4.3.2\libgcc.a(_fixdfsi.o)
                0x00008a00                __fixdfsi
                0x00008a00                __aeabi_d2iz
 *(.glue_7t)
 .glue_7t       0x00008a5c        0x0 include/Cstartup.o
 .glue_7t       0x00008a5c        0x0 include/Cstartup_SAM7.o
 .glue_7t       0x00008a5c        0x0 main.o
 .glue_7t       0x00008a5c        0x0 serial.o
 .glue_7t       0x00008a5c        0x0 c:/eclipse/eclipse-arm7/yagarto/bin/../lib/gcc/arm-elf/4.3.2/../../../../arm-elf/lib\libc.a(lib_a-rand.o)
 .glue_7t       0x00008a5c        0x0 c:/eclipse/eclipse-arm7/yagarto/bin/../lib/gcc/arm-elf/4.3.2/../../../../arm-elf/lib\libc.a(lib_a-snprintf.o)
 .glue_7t       0x00008a5c        0x0 c:/eclipse/eclipse-arm7/yagarto/bin/../lib/gcc/arm-elf/4.3.2/../../../../arm-elf/lib\libc.a(lib_a-vfprintf.o)
 .glue_7t       0x00008a5c        0x0 c:/eclipse/eclipse-arm7/yagarto/bin/../lib/gcc/arm-elf/4.3.2/../../../../arm-elf/lib\libc.a(lib_a-wsetup.o)
 .glue_7t       0x00008a5c        0x0 c:/eclipse/eclipse-arm7/yagarto/bin/../lib/gcc/arm-elf/4.3.2/../../../../arm-elf/lib\libc.a(lib_a-dtoa.o)
 .glue_7t       0x00008a5c        0x0 c:/eclipse/eclipse-arm7/yagarto/bin/../lib/gcc/arm-elf/4.3.2/../../../../arm-elf/lib\libc.a(lib_a-fflush.o)
 .glue_7t       0x00008a5c        0x0 c:/eclipse/eclipse-arm7/yagarto/bin/../lib/gcc/arm-elf/4.3.2/../../../../arm-elf/lib\libc.a(lib_a-findfp.o)
 .glue_7t       0x00008a5c        0x0 c:/eclipse/eclipse-arm7/yagarto/bin/../lib/gcc/arm-elf/4.3.2/../../../../arm-elf/lib\libc.a(lib_a-freer.o)
 .glue_7t       0x00008a5c        0x0 c:/eclipse/eclipse-arm7/yagarto/bin/../lib/gcc/arm-elf/4.3.2/../../../../arm-elf/lib\libc.a(lib_a-fvwrite.o)
 .glue_7t       0x00008a5c        0x0 c:/eclipse/eclipse-arm7/yagarto/bin/../lib/gcc/arm-elf/4.3.2/../../../../arm-elf/lib\libc.a(lib_a-fwalk.o)
 .glue_7t       0x00008a5c        0x0 c:/eclipse/eclipse-arm7/yagarto/bin/../lib/gcc/arm-elf/4.3.2/../../../../arm-elf/lib\libc.a(lib_a-impure.o)
 .glue_7t       0x00008a5c        0x0 c:/eclipse/eclipse-arm7/yagarto/bin/../lib/gcc/arm-elf/4.3.2/../../../../arm-elf/lib\libc.a(lib_a-locale.o)
 .glue_7t       0x00008a5c        0x0 c:/eclipse/eclipse-arm7/yagarto/bin/../lib/gcc/arm-elf/4.3.2/../../../../arm-elf/lib\libc.a(lib_a-makebuf.o)
 .glue_7t       0x00008a5c        0x0 c:/eclipse/eclipse-arm7/yagarto/bin/../lib/gcc/arm-elf/4.3.2/../../../../arm-elf/lib\libc.a(lib_a-mallocr.o)
 .glue_7t       0x00008a5c        0x0 c:/eclipse/eclipse-arm7/yagarto/bin/../lib/gcc/arm-elf/4.3.2/../../../../arm-elf/lib\libc.a(lib_a-memchr.o)
 .glue_7t       0x00008a5c        0x0 c:/eclipse/eclipse-arm7/yagarto/bin/../lib/gcc/arm-elf/4.3.2/../../../../arm-elf/lib\libc.a(lib_a-memcpy.o)
 .glue_7t       0x00008a5c        0x0 c:/eclipse/eclipse-arm7/yagarto/bin/../lib/gcc/arm-elf/4.3.2/../../../../arm-elf/lib\libc.a(lib_a-memmove.o)
 .glue_7t       0x00008a5c        0x0 c:/eclipse/eclipse-arm7/yagarto/bin/../lib/gcc/arm-elf/4.3.2/../../../../arm-elf/lib\libc.a(lib_a-memset.o)
 .glue_7t       0x00008a5c        0x0 c:/eclipse/eclipse-arm7/yagarto/bin/../lib/gcc/arm-elf/4.3.2/../../../../arm-elf/lib\libc.a(lib_a-mlock.o)
 .glue_7t       0x00008a5c        0x0 c:/eclipse/eclipse-arm7/yagarto/bin/../lib/gcc/arm-elf/4.3.2/../../../../arm-elf/lib\libc.a(lib_a-mprec.o)
 .glue_7t       0x00008a5c        0x0 c:/eclipse/eclipse-arm7/yagarto/bin/../lib/gcc/arm-elf/4.3.2/../../../../arm-elf/lib\libc.a(lib_a-reallocr.o)
 .glue_7t       0x00008a5c        0x0 c:/eclipse/eclipse-arm7/yagarto/bin/../lib/gcc/arm-elf/4.3.2/../../../../arm-elf/lib\libc.a(lib_a-s_isinfd.o)
 .glue_7t       0x00008a5c        0x0 c:/eclipse/eclipse-arm7/yagarto/bin/../lib/gcc/arm-elf/4.3.2/../../../../arm-elf/lib\libc.a(lib_a-s_isnand.o)
 .glue_7t       0x00008a5c        0x0 c:/eclipse/eclipse-arm7/yagarto/bin/../lib/gcc/arm-elf/4.3.2/../../../../arm-elf/lib\libc.a(lib_a-sbrkr.o)
 .glue_7t       0x00008a5c        0x0 c:/eclipse/eclipse-arm7/yagarto/bin/../lib/gcc/arm-elf/4.3.2/../../../../arm-elf/lib\libc.a(lib_a-stdio.o)
 .glue_7t       0x00008a5c        0x0 c:/eclipse/eclipse-arm7/yagarto/bin/../lib/gcc/arm-elf/4.3.2/../../../../arm-elf/lib\libc.a(lib_a-strcmp.o)
 .glue_7t       0x00008a5c        0x0 c:/eclipse/eclipse-arm7/yagarto/bin/../lib/gcc/arm-elf/4.3.2/../../../../arm-elf/lib\libc.a(lib_a-strlen.o)
 .glue_7t       0x00008a5c        0x0 c:/eclipse/eclipse-arm7/yagarto/bin/../lib/gcc/arm-elf/4.3.2/../../../../arm-elf/lib\libc.a(lib_a-syscalls.o)
 .glue_7t       0x00008a5c        0x0 c:/eclipse/eclipse-arm7/yagarto/bin/../lib/gcc/arm-elf/4.3.2/../../../../arm-elf/lib\libc.a(lib_a-writer.o)
 .glue_7t       0x00008a5c        0x0 c:/eclipse/eclipse-arm7/yagarto/bin/../lib/gcc/arm-elf/4.3.2/../../../../arm-elf/lib\libc.a(lib_a-callocr.o)
 .glue_7t       0x00008a5c        0x0 c:/eclipse/eclipse-arm7/yagarto/bin/../lib/gcc/arm-elf/4.3.2/../../../../arm-elf/lib\libc.a(lib_a-closer.o)
 .glue_7t       0x00008a5c        0x0 c:/eclipse/eclipse-arm7/yagarto/bin/../lib/gcc/arm-elf/4.3.2/../../../../arm-elf/lib\libc.a(lib_a-errno.o)
 .glue_7t       0x00008a5c        0x0 c:/eclipse/eclipse-arm7/yagarto/bin/../lib/gcc/arm-elf/4.3.2/../../../../arm-elf/lib\libc.a(lib_a-fclose.o)
 .glue_7t       0x00008a5c        0x0 c:/eclipse/eclipse-arm7/yagarto/bin/../lib/gcc/arm-elf/4.3.2/../../../../arm-elf/lib\libc.a(lib_a-fstatr.o)
 .glue_7t       0x00008a5c        0x0 c:/eclipse/eclipse-arm7/yagarto/bin/../lib/gcc/arm-elf/4.3.2/../../../../arm-elf/lib\libc.a(lib_a-lseekr.o)
 .glue_7t       0x00008a5c        0x0 c:/eclipse/eclipse-arm7/yagarto/bin/../lib/gcc/arm-elf/4.3.2/../../../../arm-elf/lib\libc.a(lib_a-readr.o)
 .glue_7t       0x00008a5c        0x0 c:/eclipse/eclipse-arm7/yagarto/bin/../lib/gcc/arm-elf/4.3.2/../../../../arm-elf/lib\libc.a(lib_a-reent.o)
 .glue_7t       0x00008a5c        0x0 c:/eclipse/eclipse-arm7/yagarto/bin/../lib/gcc/arm-elf/4.3.2\libgcc.a(_udivsi3.o)
 .glue_7t       0x00008a5c        0x0 c:/eclipse/eclipse-arm7/yagarto/bin/../lib/gcc/arm-elf/4.3.2\libgcc.a(_dvmd_tls.o)
 .glue_7t       0x00008a5c        0x0 c:/eclipse/eclipse-arm7/yagarto/bin/../lib/gcc/arm-elf/4.3.2\libgcc.a(_addsubdf3.o)
 .glue_7t       0x00008a5c        0x0 c:/eclipse/eclipse-arm7/yagarto/bin/../lib/gcc/arm-elf/4.3.2\libgcc.a(_muldivdf3.o)
 .glue_7t       0x00008a5c        0x0 c:/eclipse/eclipse-arm7/yagarto/bin/../lib/gcc/arm-elf/4.3.2\libgcc.a(_cmpdf2.o)
 .glue_7t       0x00008a5c        0x0 c:/eclipse/eclipse-arm7/yagarto/bin/../lib/gcc/arm-elf/4.3.2\libgcc.a(_fixdfsi.o)
 *(.glue_7)
 .glue_7        0x00008a5c        0x0 include/Cstartup.o
 .glue_7        0x00008a5c        0x0 include/Cstartup_SAM7.o
 .glue_7        0x00008a5c        0x0 main.o
 .glue_7        0x00008a5c        0x0 serial.o
 .glue_7        0x00008a5c        0x0 c:/eclipse/eclipse-arm7/yagarto/bin/../lib/gcc/arm-elf/4.3.2/../../../../arm-elf/lib\libc.a(lib_a-rand.o)
 .glue_7        0x00008a5c        0x0 c:/eclipse/eclipse-arm7/yagarto/bin/../lib/gcc/arm-elf/4.3.2/../../../../arm-elf/lib\libc.a(lib_a-snprintf.o)
 .glue_7        0x00008a5c        0x0 c:/eclipse/eclipse-arm7/yagarto/bin/../lib/gcc/arm-elf/4.3.2/../../../../arm-elf/lib\libc.a(lib_a-vfprintf.o)
 .glue_7        0x00008a5c        0x0 c:/eclipse/eclipse-arm7/yagarto/bin/../lib/gcc/arm-elf/4.3.2/../../../../arm-elf/lib\libc.a(lib_a-wsetup.o)
 .glue_7        0x00008a5c        0x0 c:/eclipse/eclipse-arm7/yagarto/bin/../lib/gcc/arm-elf/4.3.2/../../../../arm-elf/lib\libc.a(lib_a-dtoa.o)
 .glue_7        0x00008a5c        0x0 c:/eclipse/eclipse-arm7/yagarto/bin/../lib/gcc/arm-elf/4.3.2/../../../../arm-elf/lib\libc.a(lib_a-fflush.o)
 .glue_7        0x00008a5c        0x0 c:/eclipse/eclipse-arm7/yagarto/bin/../lib/gcc/arm-elf/4.3.2/../../../../arm-elf/lib\libc.a(lib_a-findfp.o)
 .glue_7        0x00008a5c        0x0 c:/eclipse/eclipse-arm7/yagarto/bin/../lib/gcc/arm-elf/4.3.2/../../../../arm-elf/lib\libc.a(lib_a-freer.o)
 .glue_7        0x00008a5c        0x0 c:/eclipse/eclipse-arm7/yagarto/bin/../lib/gcc/arm-elf/4.3.2/../../../../arm-elf/lib\libc.a(lib_a-fvwrite.o)
 .glue_7        0x00008a5c        0x0 c:/eclipse/eclipse-arm7/yagarto/bin/../lib/gcc/arm-elf/4.3.2/../../../../arm-elf/lib\libc.a(lib_a-fwalk.o)
 .glue_7        0x00008a5c        0x0 c:/eclipse/eclipse-arm7/yagarto/bin/../lib/gcc/arm-elf/4.3.2/../../../../arm-elf/lib\libc.a(lib_a-impure.o)
 .glue_7        0x00008a5c        0x0 c:/eclipse/eclipse-arm7/yagarto/bin/../lib/gcc/arm-elf/4.3.2/../../../../arm-elf/lib\libc.a(lib_a-locale.o)
 .glue_7        0x00008a5c        0x0 c:/eclipse/eclipse-arm7/yagarto/bin/../lib/gcc/arm-elf/4.3.2/../../../../arm-elf/lib\libc.a(lib_a-makebuf.o)
 .glue_7        0x00008a5c        0x0 c:/eclipse/eclipse-arm7/yagarto/bin/../lib/gcc/arm-elf/4.3.2/../../../../arm-elf/lib\libc.a(lib_a-mallocr.o)
 .glue_7        0x00008a5c        0x0 c:/eclipse/eclipse-arm7/yagarto/bin/../lib/gcc/arm-elf/4.3.2/../../../../arm-elf/lib\libc.a(lib_a-memchr.o)
 .glue_7        0x00008a5c        0x0 c:/eclipse/eclipse-arm7/yagarto/bin/../lib/gcc/arm-elf/4.3.2/../../../../arm-elf/lib\libc.a(lib_a-memcpy.o)
 .glue_7        0x00008a5c        0x0 c:/eclipse/eclipse-arm7/yagarto/bin/../lib/gcc/arm-elf/4.3.2/../../../../arm-elf/lib\libc.a(lib_a-memmove.o)
 .glue_7        0x00008a5c        0x0 c:/eclipse/eclipse-arm7/yagarto/bin/../lib/gcc/arm-elf/4.3.2/../../../../arm-elf/lib\libc.a(lib_a-memset.o)
 .glue_7        0x00008a5c        0x0 c:/eclipse/eclipse-arm7/yagarto/bin/../lib/gcc/arm-elf/4.3.2/../../../../arm-elf/lib\libc.a(lib_a-mlock.o)
 .glue_7        0x00008a5c        0x0 c:/eclipse/eclipse-arm7/yagarto/bin/../lib/gcc/arm-elf/4.3.2/../../../../arm-elf/lib\libc.a(lib_a-mprec.o)
 .glue_7        0x00008a5c        0x0 c:/eclipse/eclipse-arm7/yagarto/bin/../lib/gcc/arm-elf/4.3.2/../../../../arm-elf/lib\libc.a(lib_a-reallocr.o)
 .glue_7        0x00008a5c        0x0 c:/eclipse/eclipse-arm7/yagarto/bin/../lib/gcc/arm-elf/4.3.2/../../../../arm-elf/lib\libc.a(lib_a-s_isinfd.o)
 .glue_7        0x00008a5c        0x0 c:/eclipse/eclipse-arm7/yagarto/bin/../lib/gcc/arm-elf/4.3.2/../../../../arm-elf/lib\libc.a(lib_a-s_isnand.o)
 .glue_7        0x00008a5c        0x0 c:/eclipse/eclipse-arm7/yagarto/bin/../lib/gcc/arm-elf/4.3.2/../../../../arm-elf/lib\libc.a(lib_a-sbrkr.o)
 .glue_7        0x00008a5c        0x0 c:/eclipse/eclipse-arm7/yagarto/bin/../lib/gcc/arm-elf/4.3.2/../../../../arm-elf/lib\libc.a(lib_a-stdio.o)
 .glue_7        0x00008a5c        0x0 c:/eclipse/eclipse-arm7/yagarto/bin/../lib/gcc/arm-elf/4.3.2/../../../../arm-elf/lib\libc.a(lib_a-strcmp.o)
 .glue_7        0x00008a5c        0x0 c:/eclipse/eclipse-arm7/yagarto/bin/../lib/gcc/arm-elf/4.3.2/../../../../arm-elf/lib\libc.a(lib_a-strlen.o)
 .glue_7        0x00008a5c        0x0 c:/eclipse/eclipse-arm7/yagarto/bin/../lib/gcc/arm-elf/4.3.2/../../../../arm-elf/lib\libc.a(lib_a-syscalls.o)
 .glue_7        0x00008a5c        0x0 c:/eclipse/eclipse-arm7/yagarto/bin/../lib/gcc/arm-elf/4.3.2/../../../../arm-elf/lib\libc.a(lib_a-writer.o)
 .glue_7        0x00008a5c        0x0 c:/eclipse/eclipse-arm7/yagarto/bin/../lib/gcc/arm-elf/4.3.2/../../../../arm-elf/lib\libc.a(lib_a-callocr.o)
 .glue_7        0x00008a5c        0x0 c:/eclipse/eclipse-arm7/yagarto/bin/../lib/gcc/arm-elf/4.3.2/../../../../arm-elf/lib\libc.a(lib_a-closer.o)
 .glue_7        0x00008a5c        0x0 c:/eclipse/eclipse-arm7/yagarto/bin/../lib/gcc/arm-elf/4.3.2/../../../../arm-elf/lib\libc.a(lib_a-errno.o)
 .glue_7        0x00008a5c        0x0 c:/eclipse/eclipse-arm7/yagarto/bin/../lib/gcc/arm-elf/4.3.2/../../../../arm-elf/lib\libc.a(lib_a-fclose.o)
 .glue_7        0x00008a5c        0x0 c:/eclipse/eclipse-arm7/yagarto/bin/../lib/gcc/arm-elf/4.3.2/../../../../arm-elf/lib\libc.a(lib_a-fstatr.o)
 .glue_7        0x00008a5c        0x0 c:/eclipse/eclipse-arm7/yagarto/bin/../lib/gcc/arm-elf/4.3.2/../../../../arm-elf/lib\libc.a(lib_a-lseekr.o)
 .glue_7        0x00008a5c        0x0 c:/eclipse/eclipse-arm7/yagarto/bin/../lib/gcc/arm-elf/4.3.2/../../../../arm-elf/lib\libc.a(lib_a-readr.o)
 .glue_7        0x00008a5c        0x0 c:/eclipse/eclipse-arm7/yagarto/bin/../lib/gcc/arm-elf/4.3.2/../../../../arm-elf/lib\libc.a(lib_a-reent.o)
 .glue_7        0x00008a5c        0x0 c:/eclipse/eclipse-arm7/yagarto/bin/../lib/gcc/arm-elf/4.3.2\libgcc.a(_udivsi3.o)
 .glue_7        0x00008a5c        0x0 c:/eclipse/eclipse-arm7/yagarto/bin/../lib/gcc/arm-elf/4.3.2\libgcc.a(_dvmd_tls.o)
 .glue_7        0x00008a5c        0x0 c:/eclipse/eclipse-arm7/yagarto/bin/../lib/gcc/arm-elf/4.3.2\libgcc.a(_addsubdf3.o)
 .glue_7        0x00008a5c        0x0 c:/eclipse/eclipse-arm7/yagarto/bin/../lib/gcc/arm-elf/4.3.2\libgcc.a(_muldivdf3.o)
 .glue_7        0x00008a5c        0x0 c:/eclipse/eclipse-arm7/yagarto/bin/../lib/gcc/arm-elf/4.3.2\libgcc.a(_cmpdf2.o)
 .glue_7        0x00008a5c        0x0 c:/eclipse/eclipse-arm7/yagarto/bin/../lib/gcc/arm-elf/4.3.2\libgcc.a(_fixdfsi.o)

.vfp11_veneer   0x00008a5c        0x0
 .vfp11_veneer  0x00008a5c        0x0 include/Cstartup.o
 .vfp11_veneer  0x00008a5c        0x0 include/Cstartup_SAM7.o
 .vfp11_veneer  0x00008a5c        0x0 main.o
 .vfp11_veneer  0x00008a5c        0x0 serial.o
 .vfp11_veneer  0x00008a5c        0x0 c:/eclipse/eclipse-arm7/yagarto/bin/../lib/gcc/arm-elf/4.3.2/../../../../arm-elf/lib\libc.a(lib_a-rand.o)
 .vfp11_veneer  0x00008a5c        0x0 c:/eclipse/eclipse-arm7/yagarto/bin/../lib/gcc/arm-elf/4.3.2/../../../../arm-elf/lib\libc.a(lib_a-snprintf.o)
 .vfp11_veneer  0x00008a5c        0x0 c:/eclipse/eclipse-arm7/yagarto/bin/../lib/gcc/arm-elf/4.3.2/../../../../arm-elf/lib\libc.a(lib_a-vfprintf.o)
 .vfp11_veneer  0x00008a5c        0x0 c:/eclipse/eclipse-arm7/yagarto/bin/../lib/gcc/arm-elf/4.3.2/../../../../arm-elf/lib\libc.a(lib_a-wsetup.o)
 .vfp11_veneer  0x00008a5c        0x0 c:/eclipse/eclipse-arm7/yagarto/bin/../lib/gcc/arm-elf/4.3.2/../../../../arm-elf/lib\libc.a(lib_a-dtoa.o)
 .vfp11_veneer  0x00008a5c        0x0 c:/eclipse/eclipse-arm7/yagarto/bin/../lib/gcc/arm-elf/4.3.2/../../../../arm-elf/lib\libc.a(lib_a-fflush.o)
 .vfp11_veneer  0x00008a5c        0x0 c:/eclipse/eclipse-arm7/yagarto/bin/../lib/gcc/arm-elf/4.3.2/../../../../arm-elf/lib\libc.a(lib_a-findfp.o)
 .vfp11_veneer  0x00008a5c        0x0 c:/eclipse/eclipse-arm7/yagarto/bin/../lib/gcc/arm-elf/4.3.2/../../../../arm-elf/lib\libc.a(lib_a-freer.o)
 .vfp11_veneer  0x00008a5c        0x0 c:/eclipse/eclipse-arm7/yagarto/bin/../lib/gcc/arm-elf/4.3.2/../../../../arm-elf/lib\libc.a(lib_a-fvwrite.o)
 .vfp11_veneer  0x00008a5c        0x0 c:/eclipse/eclipse-arm7/yagarto/bin/../lib/gcc/arm-elf/4.3.2/../../../../arm-elf/lib\libc.a(lib_a-fwalk.o)
 .vfp11_veneer  0x00008a5c        0x0 c:/eclipse/eclipse-arm7/yagarto/bin/../lib/gcc/arm-elf/4.3.2/../../../../arm-elf/lib\libc.a(lib_a-impure.o)
 .vfp11_veneer  0x00008a5c        0x0 c:/eclipse/eclipse-arm7/yagarto/bin/../lib/gcc/arm-elf/4.3.2/../../../../arm-elf/lib\libc.a(lib_a-locale.o)
 .vfp11_veneer  0x00008a5c        0x0 c:/eclipse/eclipse-arm7/yagarto/bin/../lib/gcc/arm-elf/4.3.2/../../../../arm-elf/lib\libc.a(lib_a-makebuf.o)
 .vfp11_veneer  0x00008a5c        0x0 c:/eclipse/eclipse-arm7/yagarto/bin/../lib/gcc/arm-elf/4.3.2/../../../../arm-elf/lib\libc.a(lib_a-mallocr.o)
 .vfp11_veneer  0x00008a5c        0x0 c:/eclipse/eclipse-arm7/yagarto/bin/../lib/gcc/arm-elf/4.3.2/../../../../arm-elf/lib\libc.a(lib_a-memchr.o)
 .vfp11_veneer  0x00008a5c        0x0 c:/eclipse/eclipse-arm7/yagarto/bin/../lib/gcc/arm-elf/4.3.2/../../../../arm-elf/lib\libc.a(lib_a-memcpy.o)
 .vfp11_veneer  0x00008a5c        0x0 c:/eclipse/eclipse-arm7/yagarto/bin/../lib/gcc/arm-elf/4.3.2/../../../../arm-elf/lib\libc.a(lib_a-memmove.o)
 .vfp11_veneer  0x00008a5c        0x0 c:/eclipse/eclipse-arm7/yagarto/bin/../lib/gcc/arm-elf/4.3.2/../../../../arm-elf/lib\libc.a(lib_a-memset.o)
 .vfp11_veneer  0x00008a5c        0x0 c:/eclipse/eclipse-arm7/yagarto/bin/../lib/gcc/arm-elf/4.3.2/../../../../arm-elf/lib\libc.a(lib_a-mlock.o)
 .vfp11_veneer  0x00008a5c        0x0 c:/eclipse/eclipse-arm7/yagarto/bin/../lib/gcc/arm-elf/4.3.2/../../../../arm-elf/lib\libc.a(lib_a-mprec.o)
 .vfp11_veneer  0x00008a5c        0x0 c:/eclipse/eclipse-arm7/yagarto/bin/../lib/gcc/arm-elf/4.3.2/../../../../arm-elf/lib\libc.a(lib_a-reallocr.o)
 .vfp11_veneer  0x00008a5c        0x0 c:/eclipse/eclipse-arm7/yagarto/bin/../lib/gcc/arm-elf/4.3.2/../../../../arm-elf/lib\libc.a(lib_a-s_isinfd.o)
 .vfp11_veneer  0x00008a5c        0x0 c:/eclipse/eclipse-arm7/yagarto/bin/../lib/gcc/arm-elf/4.3.2/../../../../arm-elf/lib\libc.a(lib_a-s_isnand.o)
 .vfp11_veneer  0x00008a5c        0x0 c:/eclipse/eclipse-arm7/yagarto/bin/../lib/gcc/arm-elf/4.3.2/../../../../arm-elf/lib\libc.a(lib_a-sbrkr.o)
 .vfp11_veneer  0x00008a5c        0x0 c:/eclipse/eclipse-arm7/yagarto/bin/../lib/gcc/arm-elf/4.3.2/../../../../arm-elf/lib\libc.a(lib_a-stdio.o)
 .vfp11_veneer  0x00008a5c        0x0 c:/eclipse/eclipse-arm7/yagarto/bin/../lib/gcc/arm-elf/4.3.2/../../../../arm-elf/lib\libc.a(lib_a-strcmp.o)
 .vfp11_veneer  0x00008a5c        0x0 c:/eclipse/eclipse-arm7/yagarto/bin/../lib/gcc/arm-elf/4.3.2/../../../../arm-elf/lib\libc.a(lib_a-strlen.o)
 .vfp11_veneer  0x00008a5c        0x0 c:/eclipse/eclipse-arm7/yagarto/bin/../lib/gcc/arm-elf/4.3.2/../../../../arm-elf/lib\libc.a(lib_a-syscalls.o)
 .vfp11_veneer  0x00008a5c        0x0 c:/eclipse/eclipse-arm7/yagarto/bin/../lib/gcc/arm-elf/4.3.2/../../../../arm-elf/lib\libc.a(lib_a-writer.o)
 .vfp11_veneer  0x00008a5c        0x0 c:/eclipse/eclipse-arm7/yagarto/bin/../lib/gcc/arm-elf/4.3.2/../../../../arm-elf/lib\libc.a(lib_a-callocr.o)
 .vfp11_veneer  0x00008a5c        0x0 c:/eclipse/eclipse-arm7/yagarto/bin/../lib/gcc/arm-elf/4.3.2/../../../../arm-elf/lib\libc.a(lib_a-closer.o)
 .vfp11_veneer  0x00008a5c        0x0 c:/eclipse/eclipse-arm7/yagarto/bin/../lib/gcc/arm-elf/4.3.2/../../../../arm-elf/lib\libc.a(lib_a-errno.o)
 .vfp11_veneer  0x00008a5c        0x0 c:/eclipse/eclipse-arm7/yagarto/bin/../lib/gcc/arm-elf/4.3.2/../../../../arm-elf/lib\libc.a(lib_a-fclose.o)
 .vfp11_veneer  0x00008a5c        0x0 c:/eclipse/eclipse-arm7/yagarto/bin/../lib/gcc/arm-elf/4.3.2/../../../../arm-elf/lib\libc.a(lib_a-fstatr.o)
 .vfp11_veneer  0x00008a5c        0x0 c:/eclipse/eclipse-arm7/yagarto/bin/../lib/gcc/arm-elf/4.3.2/../../../../arm-elf/lib\libc.a(lib_a-lseekr.o)
 .vfp11_veneer  0x00008a5c        0x0 c:/eclipse/eclipse-arm7/yagarto/bin/../lib/gcc/arm-elf/4.3.2/../../../../arm-elf/lib\libc.a(lib_a-readr.o)
 .vfp11_veneer  0x00008a5c        0x0 c:/eclipse/eclipse-arm7/yagarto/bin/../lib/gcc/arm-elf/4.3.2/../../../../arm-elf/lib\libc.a(lib_a-reent.o)
 .vfp11_veneer  0x00008a5c        0x0 c:/eclipse/eclipse-arm7/yagarto/bin/../lib/gcc/arm-elf/4.3.2\libgcc.a(_udivsi3.o)
 .vfp11_veneer  0x00008a5c        0x0 c:/eclipse/eclipse-arm7/yagarto/bin/../lib/gcc/arm-elf/4.3.2\libgcc.a(_dvmd_tls.o)
 .vfp11_veneer  0x00008a5c        0x0 c:/eclipse/eclipse-arm7/yagarto/bin/../lib/gcc/arm-elf/4.3.2\libgcc.a(_addsubdf3.o)
 .vfp11_veneer  0x00008a5c        0x0 c:/eclipse/eclipse-arm7/yagarto/bin/../lib/gcc/arm-elf/4.3.2\libgcc.a(_muldivdf3.o)
 .vfp11_veneer  0x00008a5c        0x0 c:/eclipse/eclipse-arm7/yagarto/bin/../lib/gcc/arm-elf/4.3.2\libgcc.a(_cmpdf2.o)
 .vfp11_veneer  0x00008a5c        0x0 c:/eclipse/eclipse-arm7/yagarto/bin/../lib/gcc/arm-elf/4.3.2\libgcc.a(_fixdfsi.o)
                0x00008a5c                . = ALIGN (0x4)

.rodata         0x00008a5c      0x248
 *(.rodata)
 .rodata        0x00008a5c       0xcc main.o
 .rodata        0x00008b28       0x20 c:/eclipse/eclipse-arm7/yagarto/bin/../lib/gcc/arm-elf/4.3.2/../../../../arm-elf/lib\libc.a(lib_a-vfprintf.o)
 .rodata        0x00008b48        0x4 c:/eclipse/eclipse-arm7/yagarto/bin/../lib/gcc/arm-elf/4.3.2/../../../../arm-elf/lib\libc.a(lib_a-impure.o)
                0x00008b48                _global_impure_ptr
 .rodata        0x00008b4c       0x34 c:/eclipse/eclipse-arm7/yagarto/bin/../lib/gcc/arm-elf/4.3.2/../../../../arm-elf/lib\libc.a(lib_a-locale.o)
 .rodata        0x00008b80      0x124 c:/eclipse/eclipse-arm7/yagarto/bin/../lib/gcc/arm-elf/4.3.2/../../../../arm-elf/lib\libc.a(lib_a-mprec.o)
                0x00008c70                __mprec_tinytens
                0x00008b80                __mprec_tens
                0x00008c48                __mprec_bigtens

.rodata.str1.4  0x00008ca4       0x88
 .rodata.str1.4
                0x00008ca4       0x5e c:/eclipse/eclipse-arm7/yagarto/bin/../lib/gcc/arm-elf/4.3.2/../../../../arm-elf/lib\libc.a(lib_a-vfprintf.o)
                                 0x60 (size before relaxing)
 *fill*         0x00008d02        0x2 00
 .rodata.str1.4
                0x00008d04       0x10 c:/eclipse/eclipse-arm7/yagarto/bin/../lib/gcc/arm-elf/4.3.2/../../../../arm-elf/lib\libc.a(lib_a-dtoa.o)
                                 0x14 (size before relaxing)
 .rodata.str1.4
                0x00008d14        0x2 c:/eclipse/eclipse-arm7/yagarto/bin/../lib/gcc/arm-elf/4.3.2/../../../../arm-elf/lib\libc.a(lib_a-impure.o)
                                  0x4 (size before relaxing)
 *fill*         0x00008d16        0x2 00
 .rodata.str1.4
                0x00008d18        0xf c:/eclipse/eclipse-arm7/yagarto/bin/../lib/gcc/arm-elf/4.3.2/../../../../arm-elf/lib\libc.a(lib_a-locale.o)
                                 0x18 (size before relaxing)
 *fill*         0x00008d27        0x1 00
 .rodata.str1.4
                0x00008d28        0x4 c:/eclipse/eclipse-arm7/yagarto/bin/../lib/gcc/arm-elf/4.3.2/../../../../arm-elf/lib\libc.a(lib_a-syscalls.o)
                0x00008d2c                . = ALIGN (0x4)
                0x00008d2c                _etext = .
                0x00008d2c                PROVIDE (etext, .)

.data           0x00200000      0x828 load address 0x00008d2c
                0x00200000                _data = .
 *(.data)
 .data          0x00200000        0x0 include/Cstartup.o
 .data          0x00200000        0x0 include/Cstartup_SAM7.o
 .data          0x00200000        0x0 main.o
 .data          0x00200000        0x4 serial.o
                0x00200000                pUSART
 .data          0x00200004        0x0 c:/eclipse/eclipse-arm7/yagarto/bin/../lib/gcc/arm-elf/4.3.2/../../../../arm-elf/lib\libc.a(lib_a-rand.o)
 .data          0x00200004        0x0 c:/eclipse/eclipse-arm7/yagarto/bin/../lib/gcc/arm-elf/4.3.2/../../../../arm-elf/lib\libc.a(lib_a-snprintf.o)
 .data          0x00200004        0x0 c:/eclipse/eclipse-arm7/yagarto/bin/../lib/gcc/arm-elf/4.3.2/../../../../arm-elf/lib\libc.a(lib_a-vfprintf.o)
 .data          0x00200004        0x0 c:/eclipse/eclipse-arm7/yagarto/bin/../lib/gcc/arm-elf/4.3.2/../../../../arm-elf/lib\libc.a(lib_a-wsetup.o)
 .data          0x00200004        0x0 c:/eclipse/eclipse-arm7/yagarto/bin/../lib/gcc/arm-elf/4.3.2/../../../../arm-elf/lib\libc.a(lib_a-dtoa.o)
 .data          0x00200004        0x0 c:/eclipse/eclipse-arm7/yagarto/bin/../lib/gcc/arm-elf/4.3.2/../../../../arm-elf/lib\libc.a(lib_a-fflush.o)
 .data          0x00200004        0x0 c:/eclipse/eclipse-arm7/yagarto/bin/../lib/gcc/arm-elf/4.3.2/../../../../arm-elf/lib\libc.a(lib_a-findfp.o)
 .data          0x00200004        0x0 c:/eclipse/eclipse-arm7/yagarto/bin/../lib/gcc/arm-elf/4.3.2/../../../../arm-elf/lib\libc.a(lib_a-freer.o)
 .data          0x00200004        0x0 c:/eclipse/eclipse-arm7/yagarto/bin/../lib/gcc/arm-elf/4.3.2/../../../../arm-elf/lib\libc.a(lib_a-fvwrite.o)
 .data          0x00200004        0x0 c:/eclipse/eclipse-arm7/yagarto/bin/../lib/gcc/arm-elf/4.3.2/../../../../arm-elf/lib\libc.a(lib_a-fwalk.o)
 .data          0x00200004      0x404 c:/eclipse/eclipse-arm7/yagarto/bin/../lib/gcc/arm-elf/4.3.2/../../../../arm-elf/lib\libc.a(lib_a-impure.o)
                0x00200004                _impure_ptr
 .data          0x00200408       0x10 c:/eclipse/eclipse-arm7/yagarto/bin/../lib/gcc/arm-elf/4.3.2/../../../../arm-elf/lib\libc.a(lib_a-locale.o)
                0x00200408                __mb_cur_max
                0x0020040c                __lc_ctype
 .data          0x00200418        0x0 c:/eclipse/eclipse-arm7/yagarto/bin/../lib/gcc/arm-elf/4.3.2/../../../../arm-elf/lib\libc.a(lib_a-makebuf.o)
 .data          0x00200418      0x410 c:/eclipse/eclipse-arm7/yagarto/bin/../lib/gcc/arm-elf/4.3.2/../../../../arm-elf/lib\libc.a(lib_a-mallocr.o)
                0x00200824                __malloc_sbrk_base
                0x00200418                __malloc_av_
                0x00200820                __malloc_trim_threshold
 .data          0x00200828        0x0 c:/eclipse/eclipse-arm7/yagarto/bin/../lib/gcc/arm-elf/4.3.2/../../../../arm-elf/lib\libc.a(lib_a-memchr.o)
 .data          0x00200828        0x0 c:/eclipse/eclipse-arm7/yagarto/bin/../lib/gcc/arm-elf/4.3.2/../../../../arm-elf/lib\libc.a(lib_a-memcpy.o)
 .data          0x00200828        0x0 c:/eclipse/eclipse-arm7/yagarto/bin/../lib/gcc/arm-elf/4.3.2/../../../../arm-elf/lib\libc.a(lib_a-memmove.o)
 .data          0x00200828        0x0 c:/eclipse/eclipse-arm7/yagarto/bin/../lib/gcc/arm-elf/4.3.2/../../../../arm-elf/lib\libc.a(lib_a-memset.o)
 .data          0x00200828        0x0 c:/eclipse/eclipse-arm7/yagarto/bin/../lib/gcc/arm-elf/4.3.2/../../../../arm-elf/lib\libc.a(lib_a-mlock.o)
 .data          0x00200828        0x0 c:/eclipse/eclipse-arm7/yagarto/bin/../lib/gcc/arm-elf/4.3.2/../../../../arm-elf/lib\libc.a(lib_a-mprec.o)
 .data          0x00200828        0x0 c:/eclipse/eclipse-arm7/yagarto/bin/../lib/gcc/arm-elf/4.3.2/../../../../arm-elf/lib\libc.a(lib_a-reallocr.o)
 .data          0x00200828        0x0 c:/eclipse/eclipse-arm7/yagarto/bin/../lib/gcc/arm-elf/4.3.2/../../../../arm-elf/lib\libc.a(lib_a-s_isinfd.o)
 .data          0x00200828        0x0 c:/eclipse/eclipse-arm7/yagarto/bin/../lib/gcc/arm-elf/4.3.2/../../../../arm-elf/lib\libc.a(lib_a-s_isnand.o)
 .data          0x00200828        0x0 c:/eclipse/eclipse-arm7/yagarto/bin/../lib/gcc/arm-elf/4.3.2/../../../../arm-elf/lib\libc.a(lib_a-sbrkr.o)
 .data          0x00200828        0x0 c:/eclipse/eclipse-arm7/yagarto/bin/../lib/gcc/arm-elf/4.3.2/../../../../arm-elf/lib\libc.a(lib_a-stdio.o)
 .data          0x00200828        0x0 c:/eclipse/eclipse-arm7/yagarto/bin/../lib/gcc/arm-elf/4.3.2/../../../../arm-elf/lib\libc.a(lib_a-strcmp.o)
 .data          0x00200828        0x0 c:/eclipse/eclipse-arm7/yagarto/bin/../lib/gcc/arm-elf/4.3.2/../../../../arm-elf/lib\libc.a(lib_a-strlen.o)
 .data          0x00200828        0x0 c:/eclipse/eclipse-arm7/yagarto/bin/../lib/gcc/arm-elf/4.3.2/../../../../arm-elf/lib\libc.a(lib_a-syscalls.o)
 .data          0x00200828        0x0 c:/eclipse/eclipse-arm7/yagarto/bin/../lib/gcc/arm-elf/4.3.2/../../../../arm-elf/lib\libc.a(lib_a-writer.o)
 .data          0x00200828        0x0 c:/eclipse/eclipse-arm7/yagarto/bin/../lib/gcc/arm-elf/4.3.2/../../../../arm-elf/lib\libc.a(lib_a-callocr.o)
 .data          0x00200828        0x0 c:/eclipse/eclipse-arm7/yagarto/bin/../lib/gcc/arm-elf/4.3.2/../../../../arm-elf/lib\libc.a(lib_a-closer.o)
 .data          0x00200828        0x0 c:/eclipse/eclipse-arm7/yagarto/bin/../lib/gcc/arm-elf/4.3.2/../../../../arm-elf/lib\libc.a(lib_a-errno.o)
 .data          0x00200828        0x0 c:/eclipse/eclipse-arm7/yagarto/bin/../lib/gcc/arm-elf/4.3.2/../../../../arm-elf/lib\libc.a(lib_a-fclose.o)
 .data          0x00200828        0x0 c:/eclipse/eclipse-arm7/yagarto/bin/../lib/gcc/arm-elf/4.3.2/../../../../arm-elf/lib\libc.a(lib_a-fstatr.o)
 .data          0x00200828        0x0 c:/eclipse/eclipse-arm7/yagarto/bin/../lib/gcc/arm-elf/4.3.2/../../../../arm-elf/lib\libc.a(lib_a-lseekr.o)
 .data          0x00200828        0x0 c:/eclipse/eclipse-arm7/yagarto/bin/../lib/gcc/arm-elf/4.3.2/../../../../arm-elf/lib\libc.a(lib_a-readr.o)
 .data          0x00200828        0x0 c:/eclipse/eclipse-arm7/yagarto/bin/../lib/gcc/arm-elf/4.3.2/../../../../arm-elf/lib\libc.a(lib_a-reent.o)
 .data          0x00200828        0x0 c:/eclipse/eclipse-arm7/yagarto/bin/../lib/gcc/arm-elf/4.3.2\libgcc.a(_udivsi3.o)
 .data          0x00200828        0x0 c:/eclipse/eclipse-arm7/yagarto/bin/../lib/gcc/arm-elf/4.3.2\libgcc.a(_dvmd_tls.o)
 .data          0x00200828        0x0 c:/eclipse/eclipse-arm7/yagarto/bin/../lib/gcc/arm-elf/4.3.2\libgcc.a(_addsubdf3.o)
 .data          0x00200828        0x0 c:/eclipse/eclipse-arm7/yagarto/bin/../lib/gcc/arm-elf/4.3.2\libgcc.a(_muldivdf3.o)
 .data          0x00200828        0x0 c:/eclipse/eclipse-arm7/yagarto/bin/../lib/gcc/arm-elf/4.3.2\libgcc.a(_cmpdf2.o)
 .data          0x00200828        0x0 c:/eclipse/eclipse-arm7/yagarto/bin/../lib/gcc/arm-elf/4.3.2\libgcc.a(_fixdfsi.o)
                0x00200828                . = ALIGN (0x4)
                0x00200828                _edata = .
                0x00200828                PROVIDE (edata, .)

.bss            0x00200828       0xf4 load address 0x00009554
                0x00200828                __bss_start = .
                0x00200828                __bss_start__ = .
 *(.bss)
 .bss           0x00200828        0x0 include/Cstartup.o
 .bss           0x00200828        0x0 include/Cstartup_SAM7.o
 .bss           0x00200828        0x0 main.o
 .bss           0x00200828        0x0 serial.o
 .bss           0x00200828        0x0 c:/eclipse/eclipse-arm7/yagarto/bin/../lib/gcc/arm-elf/4.3.2/../../../../arm-elf/lib\libc.a(lib_a-rand.o)
 .bss           0x00200828        0x0 c:/eclipse/eclipse-arm7/yagarto/bin/../lib/gcc/arm-elf/4.3.2/../../../../arm-elf/lib\libc.a(lib_a-snprintf.o)
 .bss           0x00200828        0x0 c:/eclipse/eclipse-arm7/yagarto/bin/../lib/gcc/arm-elf/4.3.2/../../../../arm-elf/lib\libc.a(lib_a-vfprintf.o)
 .bss           0x00200828        0x0 c:/eclipse/eclipse-arm7/yagarto/bin/../lib/gcc/arm-elf/4.3.2/../../../../arm-elf/lib\libc.a(lib_a-wsetup.o)
 .bss           0x00200828        0x0 c:/eclipse/eclipse-arm7/yagarto/bin/../lib/gcc/arm-elf/4.3.2/../../../../arm-elf/lib\libc.a(lib_a-dtoa.o)
 .bss           0x00200828        0x0 c:/eclipse/eclipse-arm7/yagarto/bin/../lib/gcc/arm-elf/4.3.2/../../../../arm-elf/lib\libc.a(lib_a-fflush.o)
 .bss           0x00200828        0x0 c:/eclipse/eclipse-arm7/yagarto/bin/../lib/gcc/arm-elf/4.3.2/../../../../arm-elf/lib\libc.a(lib_a-findfp.o)
 .bss           0x00200828        0x0 c:/eclipse/eclipse-arm7/yagarto/bin/../lib/gcc/arm-elf/4.3.2/../../../../arm-elf/lib\libc.a(lib_a-freer.o)
 .bss           0x00200828        0x0 c:/eclipse/eclipse-arm7/yagarto/bin/../lib/gcc/arm-elf/4.3.2/../../../../arm-elf/lib\libc.a(lib_a-fvwrite.o)
 .bss           0x00200828        0x0 c:/eclipse/eclipse-arm7/yagarto/bin/../lib/gcc/arm-elf/4.3.2/../../../../arm-elf/lib\libc.a(lib_a-fwalk.o)
 .bss           0x00200828        0x0 c:/eclipse/eclipse-arm7/yagarto/bin/../lib/gcc/arm-elf/4.3.2/../../../../arm-elf/lib\libc.a(lib_a-impure.o)
 .bss           0x00200828        0xc c:/eclipse/eclipse-arm7/yagarto/bin/../lib/gcc/arm-elf/4.3.2/../../../../arm-elf/lib\libc.a(lib_a-locale.o)
                0x00200828                __nlocale_changed
                0x0020082c                __mlocale_changed
                0x00200830                _PathLocale
 .bss           0x00200834        0x0 c:/eclipse/eclipse-arm7/yagarto/bin/../lib/gcc/arm-elf/4.3.2/../../../../arm-elf/lib\libc.a(lib_a-makebuf.o)
 .bss           0x00200834       0x34 c:/eclipse/eclipse-arm7/yagarto/bin/../lib/gcc/arm-elf/4.3.2/../../../../arm-elf/lib\libc.a(lib_a-mallocr.o)
                0x00200834                __malloc_top_pad
                0x00200838                __malloc_max_sbrked_mem
                0x00200840                __malloc_current_mallinfo
                0x0020083c                __malloc_max_total_mem
 .bss           0x00200868        0x0 c:/eclipse/eclipse-arm7/yagarto/bin/../lib/gcc/arm-elf/4.3.2/../../../../arm-elf/lib\libc.a(lib_a-memchr.o)
 .bss           0x00200868        0x0 c:/eclipse/eclipse-arm7/yagarto/bin/../lib/gcc/arm-elf/4.3.2/../../../../arm-elf/lib\libc.a(lib_a-memcpy.o)
 .bss           0x00200868        0x0 c:/eclipse/eclipse-arm7/yagarto/bin/../lib/gcc/arm-elf/4.3.2/../../../../arm-elf/lib\libc.a(lib_a-memmove.o)
 .bss           0x00200868        0x0 c:/eclipse/eclipse-arm7/yagarto/bin/../lib/gcc/arm-elf/4.3.2/../../../../arm-elf/lib\libc.a(lib_a-memset.o)
 .bss           0x00200868        0x0 c:/eclipse/eclipse-arm7/yagarto/bin/../lib/gcc/arm-elf/4.3.2/../../../../arm-elf/lib\libc.a(lib_a-mlock.o)
 .bss           0x00200868        0x0 c:/eclipse/eclipse-arm7/yagarto/bin/../lib/gcc/arm-elf/4.3.2/../../../../arm-elf/lib\libc.a(lib_a-mprec.o)
 .bss           0x00200868        0x0 c:/eclipse/eclipse-arm7/yagarto/bin/../lib/gcc/arm-elf/4.3.2/../../../../arm-elf/lib\libc.a(lib_a-reallocr.o)
 .bss           0x00200868        0x0 c:/eclipse/eclipse-arm7/yagarto/bin/../lib/gcc/arm-elf/4.3.2/../../../../arm-elf/lib\libc.a(lib_a-s_isinfd.o)
 .bss           0x00200868        0x0 c:/eclipse/eclipse-arm7/yagarto/bin/../lib/gcc/arm-elf/4.3.2/../../../../arm-elf/lib\libc.a(lib_a-s_isnand.o)
 .bss           0x00200868        0x0 c:/eclipse/eclipse-arm7/yagarto/bin/../lib/gcc/arm-elf/4.3.2/../../../../arm-elf/lib\libc.a(lib_a-sbrkr.o)
 .bss           0x00200868        0x0 c:/eclipse/eclipse-arm7/yagarto/bin/../lib/gcc/arm-elf/4.3.2/../../../../arm-elf/lib\libc.a(lib_a-stdio.o)
 .bss           0x00200868        0x0 c:/eclipse/eclipse-arm7/yagarto/bin/../lib/gcc/arm-elf/4.3.2/../../../../arm-elf/lib\libc.a(lib_a-strcmp.o)
 .bss           0x00200868        0x0 c:/eclipse/eclipse-arm7/yagarto/bin/../lib/gcc/arm-elf/4.3.2/../../../../arm-elf/lib\libc.a(lib_a-strlen.o)
 .bss           0x00200868       0xb0 c:/eclipse/eclipse-arm7/yagarto/bin/../lib/gcc/arm-elf/4.3.2/../../../../arm-elf/lib\libc.a(lib_a-syscalls.o)
 .bss           0x00200918        0x0 c:/eclipse/eclipse-arm7/yagarto/bin/../lib/gcc/arm-elf/4.3.2/../../../../arm-elf/lib\libc.a(lib_a-writer.o)
 .bss           0x00200918        0x0 c:/eclipse/eclipse-arm7/yagarto/bin/../lib/gcc/arm-elf/4.3.2/../../../../arm-elf/lib\libc.a(lib_a-callocr.o)
 .bss           0x00200918        0x0 c:/eclipse/eclipse-arm7/yagarto/bin/../lib/gcc/arm-elf/4.3.2/../../../../arm-elf/lib\libc.a(lib_a-closer.o)
 .bss           0x00200918        0x0 c:/eclipse/eclipse-arm7/yagarto/bin/../lib/gcc/arm-elf/4.3.2/../../../../arm-elf/lib\libc.a(lib_a-errno.o)
 .bss           0x00200918        0x0 c:/eclipse/eclipse-arm7/yagarto/bin/../lib/gcc/arm-elf/4.3.2/../../../../arm-elf/lib\libc.a(lib_a-fclose.o)
 .bss           0x00200918        0x0 c:/eclipse/eclipse-arm7/yagarto/bin/../lib/gcc/arm-elf/4.3.2/../../../../arm-elf/lib\libc.a(lib_a-fstatr.o)
 .bss           0x00200918        0x0 c:/eclipse/eclipse-arm7/yagarto/bin/../lib/gcc/arm-elf/4.3.2/../../../../arm-elf/lib\libc.a(lib_a-lseekr.o)
 .bss           0x00200918        0x0 c:/eclipse/eclipse-arm7/yagarto/bin/../lib/gcc/arm-elf/4.3.2/../../../../arm-elf/lib\libc.a(lib_a-readr.o)
 .bss           0x00200918        0x0 c:/eclipse/eclipse-arm7/yagarto/bin/../lib/gcc/arm-elf/4.3.2/../../../../arm-elf/lib\libc.a(lib_a-reent.o)
 .bss           0x00200918        0x0 c:/eclipse/eclipse-arm7/yagarto/bin/../lib/gcc/arm-elf/4.3.2\libgcc.a(_udivsi3.o)
 .bss           0x00200918        0x0 c:/eclipse/eclipse-arm7/yagarto/bin/../lib/gcc/arm-elf/4.3.2\libgcc.a(_dvmd_tls.o)
 .bss           0x00200918        0x0 c:/eclipse/eclipse-arm7/yagarto/bin/../lib/gcc/arm-elf/4.3.2\libgcc.a(_addsubdf3.o)
 .bss           0x00200918        0x0 c:/eclipse/eclipse-arm7/yagarto/bin/../lib/gcc/arm-elf/4.3.2\libgcc.a(_muldivdf3.o)
 .bss           0x00200918        0x0 c:/eclipse/eclipse-arm7/yagarto/bin/../lib/gcc/arm-elf/4.3.2\libgcc.a(_cmpdf2.o)
 .bss           0x00200918        0x0 c:/eclipse/eclipse-arm7/yagarto/bin/../lib/gcc/arm-elf/4.3.2\libgcc.a(_fixdfsi.o)
 *(COMMON)
 COMMON         0x00200918        0x4 c:/eclipse/eclipse-arm7/yagarto/bin/../lib/gcc/arm-elf/4.3.2/../../../../arm-elf/lib\libc.a(lib_a-reent.o)
                0x00200918                errno
                0x0020091c                . = ALIGN (0x4)
                0x0020091c                __bss_end__ = .
                0x0020091c                __bss_end__ = .
                0x0020091c                _end = .
                0x0020091c                PROVIDE (end, .)

.int_data       0x00204000        0x0
 *(.internal_ram_top)
 .internal_ram_top
                0x00204000        0x0 include/Cstartup.o

.stab
 *(.stab)

.stabstr
 *(.stabstr)

.stab.excl
 *(.stab.excl)

.stab.exclstr
 *(.stab.exclstr)

.stab.index
 *(.stab.index)

.stab.indexstr
 *(.stab.indexstr)

.comment        0x00000000      0x2d0
 *(.comment)
 .comment       0x00000000       0x12 include/Cstartup_SAM7.o
 .comment       0x00000012       0x12 main.o
 .comment       0x00000024       0x12 serial.o
 .comment       0x00000036       0x12 c:/eclipse/eclipse-arm7/yagarto/bin/../lib/gcc/arm-elf/4.3.2/../../../../arm-elf/lib\libc.a(lib_a-rand.o)
 .comment       0x00000048       0x12 c:/eclipse/eclipse-arm7/yagarto/bin/../lib/gcc/arm-elf/4.3.2/../../../../arm-elf/lib\libc.a(lib_a-snprintf.o)
 .comment       0x0000005a       0x12 c:/eclipse/eclipse-arm7/yagarto/bin/../lib/gcc/arm-elf/4.3.2/../../../../arm-elf/lib\libc.a(lib_a-vfprintf.o)
 .comment       0x0000006c       0x12 c:/eclipse/eclipse-arm7/yagarto/bin/../lib/gcc/arm-elf/4.3.2/../../../../arm-elf/lib\libc.a(lib_a-wsetup.o)
 .comment       0x0000007e       0x12 c:/eclipse/eclipse-arm7/yagarto/bin/../lib/gcc/arm-elf/4.3.2/../../../../arm-elf/lib\libc.a(lib_a-dtoa.o)
 .comment       0x00000090       0x12 c:/eclipse/eclipse-arm7/yagarto/bin/../lib/gcc/arm-elf/4.3.2/../../../../arm-elf/lib\libc.a(lib_a-fflush.o)
 .comment       0x000000a2       0x12 c:/eclipse/eclipse-arm7/yagarto/bin/../lib/gcc/arm-elf/4.3.2/../../../../arm-elf/lib\libc.a(lib_a-findfp.o)
 .comment       0x000000b4       0x12 c:/eclipse/eclipse-arm7/yagarto/bin/../lib/gcc/arm-elf/4.3.2/../../../../arm-elf/lib\libc.a(lib_a-freer.o)
 .comment       0x000000c6       0x12 c:/eclipse/eclipse-arm7/yagarto/bin/../lib/gcc/arm-elf/4.3.2/../../../../arm-elf/lib\libc.a(lib_a-fvwrite.o)
 .comment       0x000000d8       0x12 c:/eclipse/eclipse-arm7/yagarto/bin/../lib/gcc/arm-elf/4.3.2/../../../../arm-elf/lib\libc.a(lib_a-fwalk.o)
 .comment       0x000000ea       0x12 c:/eclipse/eclipse-arm7/yagarto/bin/../lib/gcc/arm-elf/4.3.2/../../../../arm-elf/lib\libc.a(lib_a-impure.o)
 .comment       0x000000fc       0x12 c:/eclipse/eclipse-arm7/yagarto/bin/../lib/gcc/arm-elf/4.3.2/../../../../arm-elf/lib\libc.a(lib_a-locale.o)
 .comment       0x0000010e       0x12 c:/eclipse/eclipse-arm7/yagarto/bin/../lib/gcc/arm-elf/4.3.2/../../../../arm-elf/lib\libc.a(lib_a-makebuf.o)
 .comment       0x00000120       0x12 c:/eclipse/eclipse-arm7/yagarto/bin/../lib/gcc/arm-elf/4.3.2/../../../../arm-elf/lib\libc.a(lib_a-mallocr.o)
 .comment       0x00000132       0x12 c:/eclipse/eclipse-arm7/yagarto/bin/../lib/gcc/arm-elf/4.3.2/../../../../arm-elf/lib\libc.a(lib_a-memchr.o)
 .comment       0x00000144       0x12 c:/eclipse/eclipse-arm7/yagarto/bin/../lib/gcc/arm-elf/4.3.2/../../../../arm-elf/lib\libc.a(lib_a-memcpy.o)
 .comment       0x00000156       0x12 c:/eclipse/eclipse-arm7/yagarto/bin/../lib/gcc/arm-elf/4.3.2/../../../../arm-elf/lib\libc.a(lib_a-memmove.o)
 .comment       0x00000168       0x12 c:/eclipse/eclipse-arm7/yagarto/bin/../lib/gcc/arm-elf/4.3.2/../../../../arm-elf/lib\libc.a(lib_a-memset.o)
 .comment       0x0000017a       0x12 c:/eclipse/eclipse-arm7/yagarto/bin/../lib/gcc/arm-elf/4.3.2/../../../../arm-elf/lib\libc.a(lib_a-mlock.o)
 .comment       0x0000018c       0x12 c:/eclipse/eclipse-arm7/yagarto/bin/../lib/gcc/arm-elf/4.3.2/../../../../arm-elf/lib\libc.a(lib_a-mprec.o)
 .comment       0x0000019e       0x12 c:/eclipse/eclipse-arm7/yagarto/bin/../lib/gcc/arm-elf/4.3.2/../../../../arm-elf/lib\libc.a(lib_a-reallocr.o)
 .comment       0x000001b0       0x12 c:/eclipse/eclipse-arm7/yagarto/bin/../lib/gcc/arm-elf/4.3.2/../../../../arm-elf/lib\libc.a(lib_a-s_isinfd.o)
 .comment       0x000001c2       0x12 c:/eclipse/eclipse-arm7/yagarto/bin/../lib/gcc/arm-elf/4.3.2/../../../../arm-elf/lib\libc.a(lib_a-s_isnand.o)
 .comment       0x000001d4       0x12 c:/eclipse/eclipse-arm7/yagarto/bin/../lib/gcc/arm-elf/4.3.2/../../../../arm-elf/lib\libc.a(lib_a-sbrkr.o)
 .comment       0x000001e6       0x12 c:/eclipse/eclipse-arm7/yagarto/bin/../lib/gcc/arm-elf/4.3.2/../../../../arm-elf/lib\libc.a(lib_a-stdio.o)
 .comment       0x000001f8       0x12 c:/eclipse/eclipse-arm7/yagarto/bin/../lib/gcc/arm-elf/4.3.2/../../../../arm-elf/lib\libc.a(lib_a-strcmp.o)
 .comment       0x0000020a       0x12 c:/eclipse/eclipse-arm7/yagarto/bin/../lib/gcc/arm-elf/4.3.2/../../../../arm-elf/lib\libc.a(lib_a-strlen.o)
 .comment       0x0000021c       0x12 c:/eclipse/eclipse-arm7/yagarto/bin/../lib/gcc/arm-elf/4.3.2/../../../../arm-elf/lib\libc.a(lib_a-syscalls.o)
 .comment       0x0000022e       0x12 c:/eclipse/eclipse-arm7/yagarto/bin/../lib/gcc/arm-elf/4.3.2/../../../../arm-elf/lib\libc.a(lib_a-writer.o)
 .comment       0x00000240       0x12 c:/eclipse/eclipse-arm7/yagarto/bin/../lib/gcc/arm-elf/4.3.2/../../../../arm-elf/lib\libc.a(lib_a-callocr.o)
 .comment       0x00000252       0x12 c:/eclipse/eclipse-arm7/yagarto/bin/../lib/gcc/arm-elf/4.3.2/../../../../arm-elf/lib\libc.a(lib_a-closer.o)
 .comment       0x00000264       0x12 c:/eclipse/eclipse-arm7/yagarto/bin/../lib/gcc/arm-elf/4.3.2/../../../../arm-elf/lib\libc.a(lib_a-errno.o)
 .comment       0x00000276       0x12 c:/eclipse/eclipse-arm7/yagarto/bin/../lib/gcc/arm-elf/4.3.2/../../../../arm-elf/lib\libc.a(lib_a-fclose.o)
 .comment       0x00000288       0x12 c:/eclipse/eclipse-arm7/yagarto/bin/../lib/gcc/arm-elf/4.3.2/../../../../arm-elf/lib\libc.a(lib_a-fstatr.o)
 .comment       0x0000029a       0x12 c:/eclipse/eclipse-arm7/yagarto/bin/../lib/gcc/arm-elf/4.3.2/../../../../arm-elf/lib\libc.a(lib_a-lseekr.o)
 .comment       0x000002ac       0x12 c:/eclipse/eclipse-arm7/yagarto/bin/../lib/gcc/arm-elf/4.3.2/../../../../arm-elf/lib\libc.a(lib_a-readr.o)
 .comment       0x000002be       0x12 c:/eclipse/eclipse-arm7/yagarto/bin/../lib/gcc/arm-elf/4.3.2/../../../../arm-elf/lib\libc.a(lib_a-reent.o)

.debug
 *(.debug)

.line
 *(.line)

.debug_srcinfo
 *(.debug_srcinfo)

.debug_sfnames
 *(.debug_sfnames)

.debug_aranges  0x00000000      0x5c0
 *(.debug_aranges)
 .debug_aranges
                0x00000000       0x20 include/Cstartup.o
 .debug_aranges
                0x00000020       0x20 include/Cstartup_SAM7.o
 .debug_aranges
                0x00000040       0x20 main.o
 .debug_aranges
                0x00000060       0x20 serial.o
 .debug_aranges
                0x00000080       0x20 c:/eclipse/eclipse-arm7/yagarto/bin/../lib/gcc/arm-elf/4.3.2/../../../../arm-elf/lib\libc.a(lib_a-rand.o)
 .debug_aranges
                0x000000a0       0x20 c:/eclipse/eclipse-arm7/yagarto/bin/../lib/gcc/arm-elf/4.3.2/../../../../arm-elf/lib\libc.a(lib_a-snprintf.o)
 .debug_aranges
                0x000000c0       0x20 c:/eclipse/eclipse-arm7/yagarto/bin/../lib/gcc/arm-elf/4.3.2/../../../../arm-elf/lib\libc.a(lib_a-vfprintf.o)
 .debug_aranges
                0x000000e0       0x20 c:/eclipse/eclipse-arm7/yagarto/bin/../lib/gcc/arm-elf/4.3.2/../../../../arm-elf/lib\libc.a(lib_a-wsetup.o)
 .debug_aranges
                0x00000100       0x20 c:/eclipse/eclipse-arm7/yagarto/bin/../lib/gcc/arm-elf/4.3.2/../../../../arm-elf/lib\libc.a(lib_a-dtoa.o)
 .debug_aranges
                0x00000120       0x20 c:/eclipse/eclipse-arm7/yagarto/bin/../lib/gcc/arm-elf/4.3.2/../../../../arm-elf/lib\libc.a(lib_a-fflush.o)
 .debug_aranges
                0x00000140       0x20 c:/eclipse/eclipse-arm7/yagarto/bin/../lib/gcc/arm-elf/4.3.2/../../../../arm-elf/lib\libc.a(lib_a-findfp.o)
 .debug_aranges
                0x00000160       0x20 c:/eclipse/eclipse-arm7/yagarto/bin/../lib/gcc/arm-elf/4.3.2/../../../../arm-elf/lib\libc.a(lib_a-freer.o)
 .debug_aranges
                0x00000180       0x20 c:/eclipse/eclipse-arm7/yagarto/bin/../lib/gcc/arm-elf/4.3.2/../../../../arm-elf/lib\libc.a(lib_a-fvwrite.o)
 .debug_aranges
                0x000001a0       0x20 c:/eclipse/eclipse-arm7/yagarto/bin/../lib/gcc/arm-elf/4.3.2/../../../../arm-elf/lib\libc.a(lib_a-fwalk.o)
 .debug_aranges
                0x000001c0       0x20 c:/eclipse/eclipse-arm7/yagarto/bin/../lib/gcc/arm-elf/4.3.2/../../../../arm-elf/lib\libc.a(lib_a-locale.o)
 .debug_aranges
                0x000001e0       0x20 c:/eclipse/eclipse-arm7/yagarto/bin/../lib/gcc/arm-elf/4.3.2/../../../../arm-elf/lib\libc.a(lib_a-makebuf.o)
 .debug_aranges
                0x00000200       0x20 c:/eclipse/eclipse-arm7/yagarto/bin/../lib/gcc/arm-elf/4.3.2/../../../../arm-elf/lib\libc.a(lib_a-mallocr.o)
 .debug_aranges
                0x00000220       0x20 c:/eclipse/eclipse-arm7/yagarto/bin/../lib/gcc/arm-elf/4.3.2/../../../../arm-elf/lib\libc.a(lib_a-memchr.o)
 .debug_aranges
                0x00000240       0x20 c:/eclipse/eclipse-arm7/yagarto/bin/../lib/gcc/arm-elf/4.3.2/../../../../arm-elf/lib\libc.a(lib_a-memcpy.o)
 .debug_aranges
                0x00000260       0x20 c:/eclipse/eclipse-arm7/yagarto/bin/../lib/gcc/arm-elf/4.3.2/../../../../arm-elf/lib\libc.a(lib_a-memmove.o)
 .debug_aranges
                0x00000280       0x20 c:/eclipse/eclipse-arm7/yagarto/bin/../lib/gcc/arm-elf/4.3.2/../../../../arm-elf/lib\libc.a(lib_a-memset.o)
 .debug_aranges
                0x000002a0       0x20 c:/eclipse/eclipse-arm7/yagarto/bin/../lib/gcc/arm-elf/4.3.2/../../../../arm-elf/lib\libc.a(lib_a-mlock.o)
 .debug_aranges
                0x000002c0       0x20 c:/eclipse/eclipse-arm7/yagarto/bin/../lib/gcc/arm-elf/4.3.2/../../../../arm-elf/lib\libc.a(lib_a-mprec.o)
 .debug_aranges
                0x000002e0       0x20 c:/eclipse/eclipse-arm7/yagarto/bin/../lib/gcc/arm-elf/4.3.2/../../../../arm-elf/lib\libc.a(lib_a-reallocr.o)
 .debug_aranges
                0x00000300       0x20 c:/eclipse/eclipse-arm7/yagarto/bin/../lib/gcc/arm-elf/4.3.2/../../../../arm-elf/lib\libc.a(lib_a-s_isinfd.o)
 .debug_aranges
                0x00000320       0x20 c:/eclipse/eclipse-arm7/yagarto/bin/../lib/gcc/arm-elf/4.3.2/../../../../arm-elf/lib\libc.a(lib_a-s_isnand.o)
 .debug_aranges
                0x00000340       0x20 c:/eclipse/eclipse-arm7/yagarto/bin/../lib/gcc/arm-elf/4.3.2/../../../../arm-elf/lib\libc.a(lib_a-sbrkr.o)
 .debug_aranges
                0x00000360       0x20 c:/eclipse/eclipse-arm7/yagarto/bin/../lib/gcc/arm-elf/4.3.2/../../../../arm-elf/lib\libc.a(lib_a-stdio.o)
 .debug_aranges
                0x00000380       0x20 c:/eclipse/eclipse-arm7/yagarto/bin/../lib/gcc/arm-elf/4.3.2/../../../../arm-elf/lib\libc.a(lib_a-strcmp.o)
 .debug_aranges
                0x000003a0       0x20 c:/eclipse/eclipse-arm7/yagarto/bin/../lib/gcc/arm-elf/4.3.2/../../../../arm-elf/lib\libc.a(lib_a-strlen.o)
 .debug_aranges
                0x000003c0       0x20 c:/eclipse/eclipse-arm7/yagarto/bin/../lib/gcc/arm-elf/4.3.2/../../../../arm-elf/lib\libc.a(lib_a-syscalls.o)
 .debug_aranges
                0x000003e0       0x20 c:/eclipse/eclipse-arm7/yagarto/bin/../lib/gcc/arm-elf/4.3.2/../../../../arm-elf/lib\libc.a(lib_a-writer.o)
 .debug_aranges
                0x00000400       0x20 c:/eclipse/eclipse-arm7/yagarto/bin/../lib/gcc/arm-elf/4.3.2/../../../../arm-elf/lib\libc.a(lib_a-callocr.o)
 .debug_aranges
                0x00000420       0x20 c:/eclipse/eclipse-arm7/yagarto/bin/../lib/gcc/arm-elf/4.3.2/../../../../arm-elf/lib\libc.a(lib_a-closer.o)
 .debug_aranges
                0x00000440       0x20 c:/eclipse/eclipse-arm7/yagarto/bin/../lib/gcc/arm-elf/4.3.2/../../../../arm-elf/lib\libc.a(lib_a-errno.o)
 .debug_aranges
                0x00000460       0x20 c:/eclipse/eclipse-arm7/yagarto/bin/../lib/gcc/arm-elf/4.3.2/../../../../arm-elf/lib\libc.a(lib_a-fclose.o)
 .debug_aranges
                0x00000480       0x20 c:/eclipse/eclipse-arm7/yagarto/bin/../lib/gcc/arm-elf/4.3.2/../../../../arm-elf/lib\libc.a(lib_a-fstatr.o)
 .debug_aranges
                0x000004a0       0x20 c:/eclipse/eclipse-arm7/yagarto/bin/../lib/gcc/arm-elf/4.3.2/../../../../arm-elf/lib\libc.a(lib_a-lseekr.o)
 .debug_aranges
                0x000004c0       0x20 c:/eclipse/eclipse-arm7/yagarto/bin/../lib/gcc/arm-elf/4.3.2/../../../../arm-elf/lib\libc.a(lib_a-readr.o)
 .debug_aranges
                0x000004e0       0x20 c:/eclipse/eclipse-arm7/yagarto/bin/../lib/gcc/arm-elf/4.3.2/../../../../arm-elf/lib\libc.a(lib_a-reent.o)
 .debug_aranges
                0x00000500       0x20 c:/eclipse/eclipse-arm7/yagarto/bin/../lib/gcc/arm-elf/4.3.2\libgcc.a(_udivsi3.o)
 .debug_aranges
                0x00000520       0x20 c:/eclipse/eclipse-arm7/yagarto/bin/../lib/gcc/arm-elf/4.3.2\libgcc.a(_dvmd_tls.o)
 .debug_aranges
                0x00000540       0x20 c:/eclipse/eclipse-arm7/yagarto/bin/../lib/gcc/arm-elf/4.3.2\libgcc.a(_addsubdf3.o)
 .debug_aranges
                0x00000560       0x20 c:/eclipse/eclipse-arm7/yagarto/bin/../lib/gcc/arm-elf/4.3.2\libgcc.a(_muldivdf3.o)
 .debug_aranges
                0x00000580       0x20 c:/eclipse/eclipse-arm7/yagarto/bin/../lib/gcc/arm-elf/4.3.2\libgcc.a(_cmpdf2.o)
 .debug_aranges
                0x000005a0       0x20 c:/eclipse/eclipse-arm7/yagarto/bin/../lib/gcc/arm-elf/4.3.2\libgcc.a(_fixdfsi.o)

.debug_pubnames
                0x00000000      0xa8c
 *(.debug_pubnames)
 .debug_pubnames
                0x00000000       0x29 include/Cstartup_SAM7.o
 .debug_pubnames
                0x00000029       0x1b main.o
 .debug_pubnames
                0x00000044       0x81 serial.o
 .debug_pubnames
                0x000000c5       0x25 c:/eclipse/eclipse-arm7/yagarto/bin/../lib/gcc/arm-elf/4.3.2/../../../../arm-elf/lib\libc.a(lib_a-rand.o)
 .debug_pubnames
                0x000000ea       0x2f c:/eclipse/eclipse-arm7/yagarto/bin/../lib/gcc/arm-elf/4.3.2/../../../../arm-elf/lib\libc.a(lib_a-snprintf.o)
 .debug_pubnames
                0x00000119       0x2f c:/eclipse/eclipse-arm7/yagarto/bin/../lib/gcc/arm-elf/4.3.2/../../../../arm-elf/lib\libc.a(lib_a-vfprintf.o)
 .debug_pubnames
                0x00000148       0x22 c:/eclipse/eclipse-arm7/yagarto/bin/../lib/gcc/arm-elf/4.3.2/../../../../arm-elf/lib\libc.a(lib_a-wsetup.o)
 .debug_pubnames
                0x0000016a       0x1e c:/eclipse/eclipse-arm7/yagarto/bin/../lib/gcc/arm-elf/4.3.2/../../../../arm-elf/lib\libc.a(lib_a-dtoa.o)
 .debug_pubnames
                0x00000188       0x2b c:/eclipse/eclipse-arm7/yagarto/bin/../lib/gcc/arm-elf/4.3.2/../../../../arm-elf/lib\libc.a(lib_a-fflush.o)
 .debug_pubnames
                0x000001b3       0xdb c:/eclipse/eclipse-arm7/yagarto/bin/../lib/gcc/arm-elf/4.3.2/../../../../arm-elf/lib\libc.a(lib_a-findfp.o)
 .debug_pubnames
                0x0000028e       0x31 c:/eclipse/eclipse-arm7/yagarto/bin/../lib/gcc/arm-elf/4.3.2/../../../../arm-elf/lib\libc.a(lib_a-freer.o)
 .debug_pubnames
                0x000002bf       0x23 c:/eclipse/eclipse-arm7/yagarto/bin/../lib/gcc/arm-elf/4.3.2/../../../../arm-elf/lib\libc.a(lib_a-fvwrite.o)
 .debug_pubnames
                0x000002e2       0x2e c:/eclipse/eclipse-arm7/yagarto/bin/../lib/gcc/arm-elf/4.3.2/../../../../arm-elf/lib\libc.a(lib_a-fwalk.o)
 .debug_pubnames
                0x00000310       0x39 c:/eclipse/eclipse-arm7/yagarto/bin/../lib/gcc/arm-elf/4.3.2/../../../../arm-elf/lib\libc.a(lib_a-impure.o)
 .debug_pubnames
                0x00000349       0xc3 c:/eclipse/eclipse-arm7/yagarto/bin/../lib/gcc/arm-elf/4.3.2/../../../../arm-elf/lib\libc.a(lib_a-locale.o)
 .debug_pubnames
                0x0000040c       0x23 c:/eclipse/eclipse-arm7/yagarto/bin/../lib/gcc/arm-elf/4.3.2/../../../../arm-elf/lib\libc.a(lib_a-makebuf.o)
 .debug_pubnames
                0x0000042f       0xce c:/eclipse/eclipse-arm7/yagarto/bin/../lib/gcc/arm-elf/4.3.2/../../../../arm-elf/lib\libc.a(lib_a-mallocr.o)
 .debug_pubnames
                0x000004fd       0x1d c:/eclipse/eclipse-arm7/yagarto/bin/../lib/gcc/arm-elf/4.3.2/../../../../arm-elf/lib\libc.a(lib_a-memchr.o)
 .debug_pubnames
                0x0000051a       0x1d c:/eclipse/eclipse-arm7/yagarto/bin/../lib/gcc/arm-elf/4.3.2/../../../../arm-elf/lib\libc.a(lib_a-memcpy.o)
 .debug_pubnames
                0x00000537       0x1e c:/eclipse/eclipse-arm7/yagarto/bin/../lib/gcc/arm-elf/4.3.2/../../../../arm-elf/lib\libc.a(lib_a-memmove.o)
 .debug_pubnames
                0x00000555       0x1d c:/eclipse/eclipse-arm7/yagarto/bin/../lib/gcc/arm-elf/4.3.2/../../../../arm-elf/lib\libc.a(lib_a-memset.o)
 .debug_pubnames
                0x00000572       0x38 c:/eclipse/eclipse-arm7/yagarto/bin/../lib/gcc/arm-elf/4.3.2/../../../../arm-elf/lib\libc.a(lib_a-mlock.o)
 .debug_pubnames
                0x000005aa      0x13a c:/eclipse/eclipse-arm7/yagarto/bin/../lib/gcc/arm-elf/4.3.2/../../../../arm-elf/lib\libc.a(lib_a-mprec.o)
 .debug_pubnames
                0x000006e4       0x21 c:/eclipse/eclipse-arm7/yagarto/bin/../lib/gcc/arm-elf/4.3.2/../../../../arm-elf/lib\libc.a(lib_a-reallocr.o)
 .debug_pubnames
                0x00000705       0x1f c:/eclipse/eclipse-arm7/yagarto/bin/../lib/gcc/arm-elf/4.3.2/../../../../arm-elf/lib\libc.a(lib_a-s_isinfd.o)
 .debug_pubnames
                0x00000724       0x1f c:/eclipse/eclipse-arm7/yagarto/bin/../lib/gcc/arm-elf/4.3.2/../../../../arm-elf/lib\libc.a(lib_a-s_isnand.o)
 .debug_pubnames
                0x00000743       0x1e c:/eclipse/eclipse-arm7/yagarto/bin/../lib/gcc/arm-elf/4.3.2/../../../../arm-elf/lib\libc.a(lib_a-sbrkr.o)
 .debug_pubnames
                0x00000761       0x44 c:/eclipse/eclipse-arm7/yagarto/bin/../lib/gcc/arm-elf/4.3.2/../../../../arm-elf/lib\libc.a(lib_a-stdio.o)
 .debug_pubnames
                0x000007a5       0x1d c:/eclipse/eclipse-arm7/yagarto/bin/../lib/gcc/arm-elf/4.3.2/../../../../arm-elf/lib\libc.a(lib_a-strcmp.o)
 .debug_pubnames
                0x000007c2       0x1d c:/eclipse/eclipse-arm7/yagarto/bin/../lib/gcc/arm-elf/4.3.2/../../../../arm-elf/lib\libc.a(lib_a-strlen.o)
 .debug_pubnames
                0x000007df      0x158 c:/eclipse/eclipse-arm7/yagarto/bin/../lib/gcc/arm-elf/4.3.2/../../../../arm-elf/lib\libc.a(lib_a-syscalls.o)
 .debug_pubnames
                0x00000937       0x1f c:/eclipse/eclipse-arm7/yagarto/bin/../lib/gcc/arm-elf/4.3.2/../../../../arm-elf/lib\libc.a(lib_a-writer.o)
 .debug_pubnames
                0x00000956       0x20 c:/eclipse/eclipse-arm7/yagarto/bin/../lib/gcc/arm-elf/4.3.2/../../../../arm-elf/lib\libc.a(lib_a-callocr.o)
 .debug_pubnames
                0x00000976       0x1f c:/eclipse/eclipse-arm7/yagarto/bin/../lib/gcc/arm-elf/4.3.2/../../../../arm-elf/lib\libc.a(lib_a-closer.o)
 .debug_pubnames
                0x00000995       0x1e c:/eclipse/eclipse-arm7/yagarto/bin/../lib/gcc/arm-elf/4.3.2/../../../../arm-elf/lib\libc.a(lib_a-errno.o)
 .debug_pubnames
                0x000009b3       0x2b c:/eclipse/eclipse-arm7/yagarto/bin/../lib/gcc/arm-elf/4.3.2/../../../../arm-elf/lib\libc.a(lib_a-fclose.o)
 .debug_pubnames
                0x000009de       0x1f c:/eclipse/eclipse-arm7/yagarto/bin/../lib/gcc/arm-elf/4.3.2/../../../../arm-elf/lib\libc.a(lib_a-fstatr.o)
 .debug_pubnames
                0x000009fd       0x1f c:/eclipse/eclipse-arm7/yagarto/bin/../lib/gcc/arm-elf/4.3.2/../../../../arm-elf/lib\libc.a(lib_a-lseekr.o)
 .debug_pubnames
                0x00000a1c       0x1e c:/eclipse/eclipse-arm7/yagarto/bin/../lib/gcc/arm-elf/4.3.2/../../../../arm-elf/lib\libc.a(lib_a-readr.o)
 .debug_pubnames
                0x00000a3a       0x52 c:/eclipse/eclipse-arm7/yagarto/bin/../lib/gcc/arm-elf/4.3.2/../../../../arm-elf/lib\libc.a(lib_a-reent.o)

.debug_info     0x00000000    0x16756
 *(.debug_info .gnu.linkonce.wi.*)
 .debug_info    0x00000000       0x9d include/Cstartup.o
 .debug_info    0x0000009d      0x41e include/Cstartup_SAM7.o
 .debug_info    0x000004bb      0x4aa main.o
 .debug_info    0x00000965      0x489 serial.o
 .debug_info    0x00000dee      0x94b c:/eclipse/eclipse-arm7/yagarto/bin/../lib/gcc/arm-elf/4.3.2/../../../../arm-elf/lib\libc.a(lib_a-rand.o)
 .debug_info    0x00001739      0xa3d c:/eclipse/eclipse-arm7/yagarto/bin/../lib/gcc/arm-elf/4.3.2/../../../../arm-elf/lib\libc.a(lib_a-snprintf.o)
 .debug_info    0x00002176     0x10c7 c:/eclipse/eclipse-arm7/yagarto/bin/../lib/gcc/arm-elf/4.3.2/../../../../arm-elf/lib\libc.a(lib_a-vfprintf.o)
 .debug_info    0x0000323d      0x959 c:/eclipse/eclipse-arm7/yagarto/bin/../lib/gcc/arm-elf/4.3.2/../../../../arm-elf/lib\libc.a(lib_a-wsetup.o)
 .debug_info    0x00003b96      0xd6c c:/eclipse/eclipse-arm7/yagarto/bin/../lib/gcc/arm-elf/4.3.2/../../../../arm-elf/lib\libc.a(lib_a-dtoa.o)
 .debug_info    0x00004902      0x9f2 c:/eclipse/eclipse-arm7/yagarto/bin/../lib/gcc/arm-elf/4.3.2/../../../../arm-elf/lib\libc.a(lib_a-fflush.o)
 .debug_info    0x000052f4      0xc04 c:/eclipse/eclipse-arm7/yagarto/bin/../lib/gcc/arm-elf/4.3.2/../../../../arm-elf/lib\libc.a(lib_a-findfp.o)
 .debug_info    0x00005ef8      0xbbf c:/eclipse/eclipse-arm7/yagarto/bin/../lib/gcc/arm-elf/4.3.2/../../../../arm-elf/lib\libc.a(lib_a-freer.o)
 .debug_info    0x00006ab7      0xa80 c:/eclipse/eclipse-arm7/yagarto/bin/../lib/gcc/arm-elf/4.3.2/../../../../arm-elf/lib\libc.a(lib_a-fvwrite.o)
 .debug_info    0x00007537      0xae1 c:/eclipse/eclipse-arm7/yagarto/bin/../lib/gcc/arm-elf/4.3.2/../../../../arm-elf/lib\libc.a(lib_a-fwalk.o)
 .debug_info    0x00008018      0x939 c:/eclipse/eclipse-arm7/yagarto/bin/../lib/gcc/arm-elf/4.3.2/../../../../arm-elf/lib\libc.a(lib_a-impure.o)
 .debug_info    0x00008951      0xba9 c:/eclipse/eclipse-arm7/yagarto/bin/../lib/gcc/arm-elf/4.3.2/../../../../arm-elf/lib\libc.a(lib_a-locale.o)
 .debug_info    0x000094fa      0xb1a c:/eclipse/eclipse-arm7/yagarto/bin/../lib/gcc/arm-elf/4.3.2/../../../../arm-elf/lib\libc.a(lib_a-makebuf.o)
 .debug_info    0x0000a014      0xcca c:/eclipse/eclipse-arm7/yagarto/bin/../lib/gcc/arm-elf/4.3.2/../../../../arm-elf/lib\libc.a(lib_a-mallocr.o)
 .debug_info    0x0000acde      0x134 c:/eclipse/eclipse-arm7/yagarto/bin/../lib/gcc/arm-elf/4.3.2/../../../../arm-elf/lib\libc.a(lib_a-memchr.o)
 .debug_info    0x0000ae12      0x10e c:/eclipse/eclipse-arm7/yagarto/bin/../lib/gcc/arm-elf/4.3.2/../../../../arm-elf/lib\libc.a(lib_a-memcpy.o)
 .debug_info    0x0000af20      0x142 c:/eclipse/eclipse-arm7/yagarto/bin/../lib/gcc/arm-elf/4.3.2/../../../../arm-elf/lib\libc.a(lib_a-memmove.o)
 .debug_info    0x0000b062      0x113 c:/eclipse/eclipse-arm7/yagarto/bin/../lib/gcc/arm-elf/4.3.2/../../../../arm-elf/lib\libc.a(lib_a-memset.o)
 .debug_info    0x0000b175      0x953 c:/eclipse/eclipse-arm7/yagarto/bin/../lib/gcc/arm-elf/4.3.2/../../../../arm-elf/lib\libc.a(lib_a-mlock.o)
 .debug_info    0x0000bac8     0x14dc c:/eclipse/eclipse-arm7/yagarto/bin/../lib/gcc/arm-elf/4.3.2/../../../../arm-elf/lib\libc.a(lib_a-mprec.o)
 .debug_info    0x0000cfa4      0xbb3 c:/eclipse/eclipse-arm7/yagarto/bin/../lib/gcc/arm-elf/4.3.2/../../../../arm-elf/lib\libc.a(lib_a-reallocr.o)
 .debug_info    0x0000db57      0x14d c:/eclipse/eclipse-arm7/yagarto/bin/../lib/gcc/arm-elf/4.3.2/../../../../arm-elf/lib\libc.a(lib_a-s_isinfd.o)
 .debug_info    0x0000dca4      0x14b c:/eclipse/eclipse-arm7/yagarto/bin/../lib/gcc/arm-elf/4.3.2/../../../../arm-elf/lib\libc.a(lib_a-s_isnand.o)
 .debug_info    0x0000ddef      0x962 c:/eclipse/eclipse-arm7/yagarto/bin/../lib/gcc/arm-elf/4.3.2/../../../../arm-elf/lib\libc.a(lib_a-sbrkr.o)
 .debug_info    0x0000e751      0xaaa c:/eclipse/eclipse-arm7/yagarto/bin/../lib/gcc/arm-elf/4.3.2/../../../../arm-elf/lib\libc.a(lib_a-stdio.o)
 .debug_info    0x0000f1fb       0xdb c:/eclipse/eclipse-arm7/yagarto/bin/../lib/gcc/arm-elf/4.3.2/../../../../arm-elf/lib\libc.a(lib_a-strcmp.o)
 .debug_info    0x0000f2d6       0xd7 c:/eclipse/eclipse-arm7/yagarto/bin/../lib/gcc/arm-elf/4.3.2/../../../../arm-elf/lib\libc.a(lib_a-strlen.o)
 .debug_info    0x0000f3ad     0x186e c:/eclipse/eclipse-arm7/yagarto/bin/../lib/gcc/arm-elf/4.3.2/../../../../arm-elf/lib\libc.a(lib_a-syscalls.o)
 .debug_info    0x00010c1b      0x991 c:/eclipse/eclipse-arm7/yagarto/bin/../lib/gcc/arm-elf/4.3.2/../../../../arm-elf/lib\libc.a(lib_a-writer.o)
 .debug_info    0x000115ac      0xa15 c:/eclipse/eclipse-arm7/yagarto/bin/../lib/gcc/arm-elf/4.3.2/../../../../arm-elf/lib\libc.a(lib_a-callocr.o)
 .debug_info    0x00011fc1      0x956 c:/eclipse/eclipse-arm7/yagarto/bin/../lib/gcc/arm-elf/4.3.2/../../../../arm-elf/lib\libc.a(lib_a-closer.o)
 .debug_info    0x00012917      0x92a c:/eclipse/eclipse-arm7/yagarto/bin/../lib/gcc/arm-elf/4.3.2/../../../../arm-elf/lib\libc.a(lib_a-errno.o)
 .debug_info    0x00013241      0x98e c:/eclipse/eclipse-arm7/yagarto/bin/../lib/gcc/arm-elf/4.3.2/../../../../arm-elf/lib\libc.a(lib_a-fclose.o)
 .debug_info    0x00013bcf      0xafa c:/eclipse/eclipse-arm7/yagarto/bin/../lib/gcc/arm-elf/4.3.2/../../../../arm-elf/lib\libc.a(lib_a-fstatr.o)
 .debug_info    0x000146c9      0x97f c:/eclipse/eclipse-arm7/yagarto/bin/../lib/gcc/arm-elf/4.3.2/../../../../arm-elf/lib\libc.a(lib_a-lseekr.o)
 .debug_info    0x00015048      0x98a c:/eclipse/eclipse-arm7/yagarto/bin/../lib/gcc/arm-elf/4.3.2/../../../../arm-elf/lib\libc.a(lib_a-readr.o)
 .debug_info    0x000159d2      0xa1c c:/eclipse/eclipse-arm7/yagarto/bin/../lib/gcc/arm-elf/4.3.2/../../../../arm-elf/lib\libc.a(lib_a-reent.o)
 .debug_info    0x000163ee       0x92 c:/eclipse/eclipse-arm7/yagarto/bin/../lib/gcc/arm-elf/4.3.2\libgcc.a(_udivsi3.o)
 .debug_info    0x00016480       0x92 c:/eclipse/eclipse-arm7/yagarto/bin/../lib/gcc/arm-elf/4.3.2\libgcc.a(_dvmd_tls.o)
 .debug_info    0x00016512       0x91 c:/eclipse/eclipse-arm7/yagarto/bin/../lib/gcc/arm-elf/4.3.2\libgcc.a(_addsubdf3.o)
 .debug_info    0x000165a3       0x91 c:/eclipse/eclipse-arm7/yagarto/bin/../lib/gcc/arm-elf/4.3.2\libgcc.a(_muldivdf3.o)
 .debug_info    0x00016634       0x91 c:/eclipse/eclipse-arm7/yagarto/bin/../lib/gcc/arm-elf/4.3.2\libgcc.a(_cmpdf2.o)
 .debug_info    0x000166c5       0x91 c:/eclipse/eclipse-arm7/yagarto/bin/../lib/gcc/arm-elf/4.3.2\libgcc.a(_fixdfsi.o)

.debug_abbrev   0x00000000     0x4112
 *(.debug_abbrev)
 .debug_abbrev  0x00000000       0x14 include/Cstartup.o
 .debug_abbrev  0x00000014       0xae include/Cstartup_SAM7.o
 .debug_abbrev  0x000000c2       0xb3 main.o
 .debug_abbrev  0x00000175       0xf4 serial.o
 .debug_abbrev  0x00000269      0x18e c:/eclipse/eclipse-arm7/yagarto/bin/../lib/gcc/arm-elf/4.3.2/../../../../arm-elf/lib\libc.a(lib_a-rand.o)
 .debug_abbrev  0x000003f7      0x1d0 c:/eclipse/eclipse-arm7/yagarto/bin/../lib/gcc/arm-elf/4.3.2/../../../../arm-elf/lib\libc.a(lib_a-snprintf.o)
 .debug_abbrev  0x000005c7      0x379 c:/eclipse/eclipse-arm7/yagarto/bin/../lib/gcc/arm-elf/4.3.2/../../../../arm-elf/lib\libc.a(lib_a-vfprintf.o)
 .debug_abbrev  0x00000940      0x179 c:/eclipse/eclipse-arm7/yagarto/bin/../lib/gcc/arm-elf/4.3.2/../../../../arm-elf/lib\libc.a(lib_a-wsetup.o)
 .debug_abbrev  0x00000ab9      0x22c c:/eclipse/eclipse-arm7/yagarto/bin/../lib/gcc/arm-elf/4.3.2/../../../../arm-elf/lib\libc.a(lib_a-dtoa.o)
 .debug_abbrev  0x00000ce5      0x1c4 c:/eclipse/eclipse-arm7/yagarto/bin/../lib/gcc/arm-elf/4.3.2/../../../../arm-elf/lib\libc.a(lib_a-fflush.o)
 .debug_abbrev  0x00000ea9      0x2b3 c:/eclipse/eclipse-arm7/yagarto/bin/../lib/gcc/arm-elf/4.3.2/../../../../arm-elf/lib\libc.a(lib_a-findfp.o)
 .debug_abbrev  0x0000115c      0x200 c:/eclipse/eclipse-arm7/yagarto/bin/../lib/gcc/arm-elf/4.3.2/../../../../arm-elf/lib\libc.a(lib_a-freer.o)
 .debug_abbrev  0x0000135c      0x1ac c:/eclipse/eclipse-arm7/yagarto/bin/../lib/gcc/arm-elf/4.3.2/../../../../arm-elf/lib\libc.a(lib_a-fvwrite.o)
 .debug_abbrev  0x00001508      0x1ee c:/eclipse/eclipse-arm7/yagarto/bin/../lib/gcc/arm-elf/4.3.2/../../../../arm-elf/lib\libc.a(lib_a-fwalk.o)
 .debug_abbrev  0x000016f6      0x160 c:/eclipse/eclipse-arm7/yagarto/bin/../lib/gcc/arm-elf/4.3.2/../../../../arm-elf/lib\libc.a(lib_a-impure.o)
 .debug_abbrev  0x00001856      0x22a c:/eclipse/eclipse-arm7/yagarto/bin/../lib/gcc/arm-elf/4.3.2/../../../../arm-elf/lib\libc.a(lib_a-locale.o)
 .debug_abbrev  0x00001a80      0x193 c:/eclipse/eclipse-arm7/yagarto/bin/../lib/gcc/arm-elf/4.3.2/../../../../arm-elf/lib\libc.a(lib_a-makebuf.o)
 .debug_abbrev  0x00001c13      0x22e c:/eclipse/eclipse-arm7/yagarto/bin/../lib/gcc/arm-elf/4.3.2/../../../../arm-elf/lib\libc.a(lib_a-mallocr.o)
 .debug_abbrev  0x00001e41       0xbe c:/eclipse/eclipse-arm7/yagarto/bin/../lib/gcc/arm-elf/4.3.2/../../../../arm-elf/lib\libc.a(lib_a-memchr.o)
 .debug_abbrev  0x00001eff       0x99 c:/eclipse/eclipse-arm7/yagarto/bin/../lib/gcc/arm-elf/4.3.2/../../../../arm-elf/lib\libc.a(lib_a-memcpy.o)
 .debug_abbrev  0x00001f98       0xa2 c:/eclipse/eclipse-arm7/yagarto/bin/../lib/gcc/arm-elf/4.3.2/../../../../arm-elf/lib\libc.a(lib_a-memmove.o)
 .debug_abbrev  0x0000203a       0xb2 c:/eclipse/eclipse-arm7/yagarto/bin/../lib/gcc/arm-elf/4.3.2/../../../../arm-elf/lib\libc.a(lib_a-memset.o)
 .debug_abbrev  0x000020ec      0x173 c:/eclipse/eclipse-arm7/yagarto/bin/../lib/gcc/arm-elf/4.3.2/../../../../arm-elf/lib\libc.a(lib_a-mlock.o)
 .debug_abbrev  0x0000225f      0x344 c:/eclipse/eclipse-arm7/yagarto/bin/../lib/gcc/arm-elf/4.3.2/../../../../arm-elf/lib\libc.a(lib_a-mprec.o)
 .debug_abbrev  0x000025a3      0x1ef c:/eclipse/eclipse-arm7/yagarto/bin/../lib/gcc/arm-elf/4.3.2/../../../../arm-elf/lib\libc.a(lib_a-reallocr.o)
 .debug_abbrev  0x00002792       0xdd c:/eclipse/eclipse-arm7/yagarto/bin/../lib/gcc/arm-elf/4.3.2/../../../../arm-elf/lib\libc.a(lib_a-s_isinfd.o)
 .debug_abbrev  0x0000286f       0xce c:/eclipse/eclipse-arm7/yagarto/bin/../lib/gcc/arm-elf/4.3.2/../../../../arm-elf/lib\libc.a(lib_a-s_isnand.o)
 .debug_abbrev  0x0000293d      0x197 c:/eclipse/eclipse-arm7/yagarto/bin/../lib/gcc/arm-elf/4.3.2/../../../../arm-elf/lib\libc.a(lib_a-sbrkr.o)
 .debug_abbrev  0x00002ad4      0x1c3 c:/eclipse/eclipse-arm7/yagarto/bin/../lib/gcc/arm-elf/4.3.2/../../../../arm-elf/lib\libc.a(lib_a-stdio.o)
 .debug_abbrev  0x00002c97       0x7a c:/eclipse/eclipse-arm7/yagarto/bin/../lib/gcc/arm-elf/4.3.2/../../../../arm-elf/lib\libc.a(lib_a-strcmp.o)
 .debug_abbrev  0x00002d11       0x94 c:/eclipse/eclipse-arm7/yagarto/bin/../lib/gcc/arm-elf/4.3.2/../../../../arm-elf/lib\libc.a(lib_a-strlen.o)
 .debug_abbrev  0x00002da5      0x450 c:/eclipse/eclipse-arm7/yagarto/bin/../lib/gcc/arm-elf/4.3.2/../../../../arm-elf/lib\libc.a(lib_a-syscalls.o)
 .debug_abbrev  0x000031f5      0x18d c:/eclipse/eclipse-arm7/yagarto/bin/../lib/gcc/arm-elf/4.3.2/../../../../arm-elf/lib\libc.a(lib_a-writer.o)
 .debug_abbrev  0x00003382      0x1d0 c:/eclipse/eclipse-arm7/yagarto/bin/../lib/gcc/arm-elf/4.3.2/../../../../arm-elf/lib\libc.a(lib_a-callocr.o)
 .debug_abbrev  0x00003552      0x188 c:/eclipse/eclipse-arm7/yagarto/bin/../lib/gcc/arm-elf/4.3.2/../../../../arm-elf/lib\libc.a(lib_a-closer.o)
 .debug_abbrev  0x000036da      0x168 c:/eclipse/eclipse-arm7/yagarto/bin/../lib/gcc/arm-elf/4.3.2/../../../../arm-elf/lib\libc.a(lib_a-errno.o)
 .debug_abbrev  0x00003842      0x1b0 c:/eclipse/eclipse-arm7/yagarto/bin/../lib/gcc/arm-elf/4.3.2/../../../../arm-elf/lib\libc.a(lib_a-fclose.o)
 .debug_abbrev  0x000039f2      0x197 c:/eclipse/eclipse-arm7/yagarto/bin/../lib/gcc/arm-elf/4.3.2/../../../../arm-elf/lib\libc.a(lib_a-fstatr.o)
 .debug_abbrev  0x00003b89      0x197 c:/eclipse/eclipse-arm7/yagarto/bin/../lib/gcc/arm-elf/4.3.2/../../../../arm-elf/lib\libc.a(lib_a-lseekr.o)
 .debug_abbrev  0x00003d20      0x188 c:/eclipse/eclipse-arm7/yagarto/bin/../lib/gcc/arm-elf/4.3.2/../../../../arm-elf/lib\libc.a(lib_a-readr.o)
 .debug_abbrev  0x00003ea8      0x1f2 c:/eclipse/eclipse-arm7/yagarto/bin/../lib/gcc/arm-elf/4.3.2/../../../../arm-elf/lib\libc.a(lib_a-reent.o)
 .debug_abbrev  0x0000409a       0x14 c:/eclipse/eclipse-arm7/yagarto/bin/../lib/gcc/arm-elf/4.3.2\libgcc.a(_udivsi3.o)
 .debug_abbrev  0x000040ae       0x14 c:/eclipse/eclipse-arm7/yagarto/bin/../lib/gcc/arm-elf/4.3.2\libgcc.a(_dvmd_tls.o)
 .debug_abbrev  0x000040c2       0x14 c:/eclipse/eclipse-arm7/yagarto/bin/../lib/gcc/arm-elf/4.3.2\libgcc.a(_addsubdf3.o)
 .debug_abbrev  0x000040d6       0x14 c:/eclipse/eclipse-arm7/yagarto/bin/../lib/gcc/arm-elf/4.3.2\libgcc.a(_muldivdf3.o)
 .debug_abbrev  0x000040ea       0x14 c:/eclipse/eclipse-arm7/yagarto/bin/../lib/gcc/arm-elf/4.3.2\libgcc.a(_cmpdf2.o)
 .debug_abbrev  0x000040fe       0x14 c:/eclipse/eclipse-arm7/yagarto/bin/../lib/gcc/arm-elf/4.3.2\libgcc.a(_fixdfsi.o)

.debug_line     0x00000000     0x46c6
 *(.debug_line)
 .debug_line    0x00000000       0x92 include/Cstartup.o
 .debug_line    0x00000092       0x68 include/Cstartup_SAM7.o
 .debug_line    0x000000fa       0x98 main.o
 .debug_line    0x00000192       0x6e serial.o
 .debug_line    0x00000200      0x11e c:/eclipse/eclipse-arm7/yagarto/bin/../lib/gcc/arm-elf/4.3.2/../../../../arm-elf/lib\libc.a(lib_a-rand.o)
 .debug_line    0x0000031e      0x1b9 c:/eclipse/eclipse-arm7/yagarto/bin/../lib/gcc/arm-elf/4.3.2/../../../../arm-elf/lib\libc.a(lib_a-snprintf.o)
 .debug_line    0x000004d7      0x58c c:/eclipse/eclipse-arm7/yagarto/bin/../lib/gcc/arm-elf/4.3.2/../../../../arm-elf/lib\libc.a(lib_a-vfprintf.o)
 .debug_line    0x00000a63      0x18b c:/eclipse/eclipse-arm7/yagarto/bin/../lib/gcc/arm-elf/4.3.2/../../../../arm-elf/lib\libc.a(lib_a-wsetup.o)
 .debug_line    0x00000bee      0x4ce c:/eclipse/eclipse-arm7/yagarto/bin/../lib/gcc/arm-elf/4.3.2/../../../../arm-elf/lib\libc.a(lib_a-dtoa.o)
 .debug_line    0x000010bc      0x1ca c:/eclipse/eclipse-arm7/yagarto/bin/../lib/gcc/arm-elf/4.3.2/../../../../arm-elf/lib\libc.a(lib_a-fflush.o)
 .debug_line    0x00001286      0x238 c:/eclipse/eclipse-arm7/yagarto/bin/../lib/gcc/arm-elf/4.3.2/../../../../arm-elf/lib\libc.a(lib_a-findfp.o)
 .debug_line    0x000014be      0x1ac c:/eclipse/eclipse-arm7/yagarto/bin/../lib/gcc/arm-elf/4.3.2/../../../../arm-elf/lib\libc.a(lib_a-freer.o)
 .debug_line    0x0000166a      0x227 c:/eclipse/eclipse-arm7/yagarto/bin/../lib/gcc/arm-elf/4.3.2/../../../../arm-elf/lib\libc.a(lib_a-fvwrite.o)
 .debug_line    0x00001891      0x188 c:/eclipse/eclipse-arm7/yagarto/bin/../lib/gcc/arm-elf/4.3.2/../../../../arm-elf/lib\libc.a(lib_a-fwalk.o)
 .debug_line    0x00001a19      0x10a c:/eclipse/eclipse-arm7/yagarto/bin/../lib/gcc/arm-elf/4.3.2/../../../../arm-elf/lib\libc.a(lib_a-impure.o)
 .debug_line    0x00001b23      0x183 c:/eclipse/eclipse-arm7/yagarto/bin/../lib/gcc/arm-elf/4.3.2/../../../../arm-elf/lib\libc.a(lib_a-locale.o)
 .debug_line    0x00001ca6      0x1b9 c:/eclipse/eclipse-arm7/yagarto/bin/../lib/gcc/arm-elf/4.3.2/../../../../arm-elf/lib\libc.a(lib_a-makebuf.o)
 .debug_line    0x00001e5f      0x257 c:/eclipse/eclipse-arm7/yagarto/bin/../lib/gcc/arm-elf/4.3.2/../../../../arm-elf/lib\libc.a(lib_a-mallocr.o)
 .debug_line    0x000020b6       0xf7 c:/eclipse/eclipse-arm7/yagarto/bin/../lib/gcc/arm-elf/4.3.2/../../../../arm-elf/lib\libc.a(lib_a-memchr.o)
 .debug_line    0x000021ad       0xf8 c:/eclipse/eclipse-arm7/yagarto/bin/../lib/gcc/arm-elf/4.3.2/../../../../arm-elf/lib\libc.a(lib_a-memcpy.o)
 .debug_line    0x000022a5      0x107 c:/eclipse/eclipse-arm7/yagarto/bin/../lib/gcc/arm-elf/4.3.2/../../../../arm-elf/lib\libc.a(lib_a-memmove.o)
 .debug_line    0x000023ac       0xfd c:/eclipse/eclipse-arm7/yagarto/bin/../lib/gcc/arm-elf/4.3.2/../../../../arm-elf/lib\libc.a(lib_a-memset.o)
 .debug_line    0x000024a9      0x11c c:/eclipse/eclipse-arm7/yagarto/bin/../lib/gcc/arm-elf/4.3.2/../../../../arm-elf/lib\libc.a(lib_a-mlock.o)
 .debug_line    0x000025c5      0x488 c:/eclipse/eclipse-arm7/yagarto/bin/../lib/gcc/arm-elf/4.3.2/../../../../arm-elf/lib\libc.a(lib_a-mprec.o)
 .debug_line    0x00002a4d      0x1cc c:/eclipse/eclipse-arm7/yagarto/bin/../lib/gcc/arm-elf/4.3.2/../../../../arm-elf/lib\libc.a(lib_a-reallocr.o)
 .debug_line    0x00002c19       0xd3 c:/eclipse/eclipse-arm7/yagarto/bin/../lib/gcc/arm-elf/4.3.2/../../../../arm-elf/lib\libc.a(lib_a-s_isinfd.o)
 .debug_line    0x00002cec       0xd2 c:/eclipse/eclipse-arm7/yagarto/bin/../lib/gcc/arm-elf/4.3.2/../../../../arm-elf/lib\libc.a(lib_a-s_isnand.o)
 .debug_line    0x00002dbe      0x11f c:/eclipse/eclipse-arm7/yagarto/bin/../lib/gcc/arm-elf/4.3.2/../../../../arm-elf/lib\libc.a(lib_a-sbrkr.o)
 .debug_line    0x00002edd      0x193 c:/eclipse/eclipse-arm7/yagarto/bin/../lib/gcc/arm-elf/4.3.2/../../../../arm-elf/lib\libc.a(lib_a-stdio.o)
 .debug_line    0x00003070       0x84 c:/eclipse/eclipse-arm7/yagarto/bin/../lib/gcc/arm-elf/4.3.2/../../../../arm-elf/lib\libc.a(lib_a-strcmp.o)
 .debug_line    0x000030f4       0xc8 c:/eclipse/eclipse-arm7/yagarto/bin/../lib/gcc/arm-elf/4.3.2/../../../../arm-elf/lib\libc.a(lib_a-strlen.o)
 .debug_line    0x000031bc      0x383 c:/eclipse/eclipse-arm7/yagarto/bin/../lib/gcc/arm-elf/4.3.2/../../../../arm-elf/lib\libc.a(lib_a-syscalls.o)
 .debug_line    0x0000353f      0x120 c:/eclipse/eclipse-arm7/yagarto/bin/../lib/gcc/arm-elf/4.3.2/../../../../arm-elf/lib\libc.a(lib_a-writer.o)
 .debug_line    0x0000365f      0x128 c:/eclipse/eclipse-arm7/yagarto/bin/../lib/gcc/arm-elf/4.3.2/../../../../arm-elf/lib\libc.a(lib_a-callocr.o)
 .debug_line    0x00003787      0x120 c:/eclipse/eclipse-arm7/yagarto/bin/../lib/gcc/arm-elf/4.3.2/../../../../arm-elf/lib\libc.a(lib_a-closer.o)
 .debug_line    0x000038a7      0x119 c:/eclipse/eclipse-arm7/yagarto/bin/../lib/gcc/arm-elf/4.3.2/../../../../arm-elf/lib\libc.a(lib_a-errno.o)
 .debug_line    0x000039c0      0x187 c:/eclipse/eclipse-arm7/yagarto/bin/../lib/gcc/arm-elf/4.3.2/../../../../arm-elf/lib\libc.a(lib_a-fclose.o)
 .debug_line    0x00003b47      0x17b c:/eclipse/eclipse-arm7/yagarto/bin/../lib/gcc/arm-elf/4.3.2/../../../../arm-elf/lib\libc.a(lib_a-fstatr.o)
 .debug_line    0x00003cc2      0x120 c:/eclipse/eclipse-arm7/yagarto/bin/../lib/gcc/arm-elf/4.3.2/../../../../arm-elf/lib\libc.a(lib_a-lseekr.o)
 .debug_line    0x00003de2      0x11f c:/eclipse/eclipse-arm7/yagarto/bin/../lib/gcc/arm-elf/4.3.2/../../../../arm-elf/lib\libc.a(lib_a-readr.o)
 .debug_line    0x00003f01      0x14f c:/eclipse/eclipse-arm7/yagarto/bin/../lib/gcc/arm-elf/4.3.2/../../../../arm-elf/lib\libc.a(lib_a-reent.o)
 .debug_line    0x00004050       0x96 c:/eclipse/eclipse-arm7/yagarto/bin/../lib/gcc/arm-elf/4.3.2\libgcc.a(_udivsi3.o)
 .debug_line    0x000040e6       0x6a c:/eclipse/eclipse-arm7/yagarto/bin/../lib/gcc/arm-elf/4.3.2\libgcc.a(_dvmd_tls.o)
 .debug_line    0x00004150      0x1f5 c:/eclipse/eclipse-arm7/yagarto/bin/../lib/gcc/arm-elf/4.3.2\libgcc.a(_addsubdf3.o)
 .debug_line    0x00004345      0x206 c:/eclipse/eclipse-arm7/yagarto/bin/../lib/gcc/arm-elf/4.3.2\libgcc.a(_muldivdf3.o)
 .debug_line    0x0000454b       0xfc c:/eclipse/eclipse-arm7/yagarto/bin/../lib/gcc/arm-elf/4.3.2\libgcc.a(_cmpdf2.o)
 .debug_line    0x00004647       0x7f c:/eclipse/eclipse-arm7/yagarto/bin/../lib/gcc/arm-elf/4.3.2\libgcc.a(_fixdfsi.o)

.debug_frame    0x00000000      0xf18
 *(.debug_frame)
 .debug_frame   0x00000000       0x30 include/Cstartup_SAM7.o
 .debug_frame   0x00000030       0x34 main.o
 .debug_frame   0x00000064       0xd0 serial.o
 .debug_frame   0x00000134       0x3c c:/eclipse/eclipse-arm7/yagarto/bin/../lib/gcc/arm-elf/4.3.2/../../../../arm-elf/lib\libc.a(lib_a-rand.o)
 .debug_frame   0x00000170       0x5c c:/eclipse/eclipse-arm7/yagarto/bin/../lib/gcc/arm-elf/4.3.2/../../../../arm-elf/lib\libc.a(lib_a-snprintf.o)
 .debug_frame   0x000001cc       0x70 c:/eclipse/eclipse-arm7/yagarto/bin/../lib/gcc/arm-elf/4.3.2/../../../../arm-elf/lib\libc.a(lib_a-vfprintf.o)
 .debug_frame   0x0000023c       0x2c c:/eclipse/eclipse-arm7/yagarto/bin/../lib/gcc/arm-elf/4.3.2/../../../../arm-elf/lib\libc.a(lib_a-wsetup.o)
 .debug_frame   0x00000268       0x64 c:/eclipse/eclipse-arm7/yagarto/bin/../lib/gcc/arm-elf/4.3.2/../../../../arm-elf/lib\libc.a(lib_a-dtoa.o)
 .debug_frame   0x000002cc       0x40 c:/eclipse/eclipse-arm7/yagarto/bin/../lib/gcc/arm-elf/4.3.2/../../../../arm-elf/lib\libc.a(lib_a-fflush.o)
 .debug_frame   0x0000030c      0x10c c:/eclipse/eclipse-arm7/yagarto/bin/../lib/gcc/arm-elf/4.3.2/../../../../arm-elf/lib\libc.a(lib_a-findfp.o)
 .debug_frame   0x00000418       0x50 c:/eclipse/eclipse-arm7/yagarto/bin/../lib/gcc/arm-elf/4.3.2/../../../../arm-elf/lib\libc.a(lib_a-freer.o)
 .debug_frame   0x00000468       0x38 c:/eclipse/eclipse-arm7/yagarto/bin/../lib/gcc/arm-elf/4.3.2/../../../../arm-elf/lib\libc.a(lib_a-fvwrite.o)
 .debug_frame   0x000004a0       0x58 c:/eclipse/eclipse-arm7/yagarto/bin/../lib/gcc/arm-elf/4.3.2/../../../../arm-elf/lib\libc.a(lib_a-fwalk.o)
 .debug_frame   0x000004f8       0x6c c:/eclipse/eclipse-arm7/yagarto/bin/../lib/gcc/arm-elf/4.3.2/../../../../arm-elf/lib\libc.a(lib_a-locale.o)
 .debug_frame   0x00000564       0x30 c:/eclipse/eclipse-arm7/yagarto/bin/../lib/gcc/arm-elf/4.3.2/../../../../arm-elf/lib\libc.a(lib_a-makebuf.o)
 .debug_frame   0x00000594       0x38 c:/eclipse/eclipse-arm7/yagarto/bin/../lib/gcc/arm-elf/4.3.2/../../../../arm-elf/lib\libc.a(lib_a-mallocr.o)
 .debug_frame   0x000005cc       0x28 c:/eclipse/eclipse-arm7/yagarto/bin/../lib/gcc/arm-elf/4.3.2/../../../../arm-elf/lib\libc.a(lib_a-memchr.o)
 .debug_frame   0x000005f4       0x2c c:/eclipse/eclipse-arm7/yagarto/bin/../lib/gcc/arm-elf/4.3.2/../../../../arm-elf/lib\libc.a(lib_a-memcpy.o)
 .debug_frame   0x00000620       0x2c c:/eclipse/eclipse-arm7/yagarto/bin/../lib/gcc/arm-elf/4.3.2/../../../../arm-elf/lib\libc.a(lib_a-memmove.o)
 .debug_frame   0x0000064c       0x28 c:/eclipse/eclipse-arm7/yagarto/bin/../lib/gcc/arm-elf/4.3.2/../../../../arm-elf/lib\libc.a(lib_a-memset.o)
 .debug_frame   0x00000674       0x30 c:/eclipse/eclipse-arm7/yagarto/bin/../lib/gcc/arm-elf/4.3.2/../../../../arm-elf/lib\libc.a(lib_a-mlock.o)
 .debug_frame   0x000006a4      0x228 c:/eclipse/eclipse-arm7/yagarto/bin/../lib/gcc/arm-elf/4.3.2/../../../../arm-elf/lib\libc.a(lib_a-mprec.o)
 .debug_frame   0x000008cc       0x38 c:/eclipse/eclipse-arm7/yagarto/bin/../lib/gcc/arm-elf/4.3.2/../../../../arm-elf/lib\libc.a(lib_a-reallocr.o)
 .debug_frame   0x00000904       0x28 c:/eclipse/eclipse-arm7/yagarto/bin/../lib/gcc/arm-elf/4.3.2/../../../../arm-elf/lib\libc.a(lib_a-s_isinfd.o)
 .debug_frame   0x0000092c       0x28 c:/eclipse/eclipse-arm7/yagarto/bin/../lib/gcc/arm-elf/4.3.2/../../../../arm-elf/lib\libc.a(lib_a-s_isnand.o)